#
# There is insufficient memory for the Java Runtime Environment to continue.
# Native memory allocation (malloc) failed to allocate 1048576 bytes. Error detail: AllocateHeap
# Possible reasons:
#   The system is out of physical RAM or swap space
#   This process is running with CompressedOops enabled, and the Java Heap may be blocking the growth of the native heap
# Possible solutions:
#   Reduce memory load on the system
#   Increase physical memory or swap space
#   Check if swap backing store is full
#   Decrease Java heap size (-Xmx/-Xms)
#   Decrease number of Java threads
#   Decrease Java thread stack sizes (-Xss)
#   Set larger code cache with -XX:ReservedCodeCacheSize=
#   JVM is running with Unscaled Compressed Oops mode in which the Java heap is
#     placed in the first 4GB address space. The Java Heap base address is the
#     maximum limit for the native heap growth. Please use -XX:HeapBaseMinAddress
#     to set the Java Heap base and to place the Java Heap above 4GB virtual address.
# This output file may be truncated or incomplete.
#
#  Out of Memory Error (allocation.cpp:44), pid=10792, tid=19440
#
# JRE version: OpenJDK Runtime Environment Temurin-21.0.9+10 (21.0.9+10) (build 21.0.9+10-LTS)
# Java VM: OpenJDK 64-Bit Server VM Temurin-21.0.9+10 (21.0.9+10-LTS, mixed mode, sharing, tiered, compressed oops, compressed class ptrs, parallel gc, windows-amd64)
# No core dump will be written. Minidumps are not enabled by default on client versions of Windows
#

---------------  S U M M A R Y ------------

Command Line: --add-modules=ALL-SYSTEM --add-opens=java.base/java.util=ALL-UNNAMED --add-opens=java.base/java.lang=ALL-UNNAMED --add-opens=java.base/sun.nio.fs=ALL-UNNAMED -Declipse.application=org.eclipse.jdt.ls.core.id1 -Dosgi.bundles.defaultStartLevel=4 -Declipse.product=org.eclipse.jdt.ls.core.product -Djava.import.generatesMetadataFilesAtProjectRoot=false -DDetectVMInstallationsJob.disabled=true -Dfile.encoding=utf8 -XX:+UseParallelGC -XX:GCTimeRatio=4 -XX:AdaptiveSizePolicyWeight=90 -Dsun.zip.disableMemoryMapping=true -Xmx2G -Xms100m -Xlog:disable -javaagent:c:\Users\HP\.vscode\extensions\redhat.java-1.52.0-win32-x64\lombok\lombok-1.18.39-4050.jar -XX:+HeapDumpOnOutOfMemoryError -XX:HeapDumpPath=c:\Users\HP\AppData\Roaming\Code\User\workspaceStorage\8ccf92e95d8589778ddb3e5e482fa078\redhat.java -Daether.dependencyCollector.impl=bf c:\Users\HP\.vscode\extensions\redhat.java-1.52.0-win32-x64\server\plugins\org.eclipse.equinox.launcher_1.7.100.v20251111-0406.jar -configuration c:\Users\HP\AppData\Roaming\Code\User\globalStorage\redhat.java\1.52.0\config_win -data c:\Users\HP\AppData\Roaming\Code\User\workspaceStorage\8ccf92e95d8589778ddb3e5e482fa078\redhat.java\jdt_ws --pipe=\\.\pipe\lsp-7ddbe20a7e8e68c674d75ad10e7baec9-sock

Host: 13th Gen Intel(R) Core(TM) i7-1355U, 12 cores, 15G,  Windows 11 , 64 bit Build 26100 (10.0.26100.7705)
Time: Wed Feb 25 08:33:59 2026 India Standard Time elapsed time: 5034.182184 seconds (0d 1h 23m 54s)

---------------  T H R E A D  ---------------

Current thread (0x000001eee5dc4bb0):  JavaThread "Attach Listener" daemon [_thread_in_vm, id=19440, stack(0x000000774df00000,0x000000774e000000) (1024K)]

Stack: [0x000000774df00000,0x000000774e000000]
Native frames: (J=compiled Java code, j=interpreted, Vv=VM code, C=native code)
V  [jvm.dll+0x6d6e29]
V  [jvm.dll+0x8b4b76]
V  [jvm.dll+0x8b712e]
V  [jvm.dll+0x8b7813]
V  [jvm.dll+0x283d86]
V  [jvm.dll+0xc1277]
V  [jvm.dll+0x6d76d9]
V  [jvm.dll+0x133466]
V  [jvm.dll+0x3f7ea6]
V  [jvm.dll+0x85e9ad]
V  [jvm.dll+0x6d565d]
C  [ucrtbase.dll+0x37b0]
C  [KERNEL32.DLL+0x2e8d7]
C  [ntdll.dll+0x8c40c]


---------------  P R O C E S S  ---------------

Threads class SMR info:
_java_thread_list=0x000001eec6f8f8f0, length=39, elements={
0x000001eee5d0e430, 0x000001eee5cbe2f0, 0x000001eee5dc2c80, 0x000001eee5dc3e30,
0x000001eee5dc4bb0, 0x000001eee5dc8b70, 0x000001eee5dcb670, 0x000001eee5dcd4b0,
0x000001eefda267a0, 0x000001eefdc3c110, 0x000001eefdd64d10, 0x000001eec5031050,
0x000001eefe9c60a0, 0x000001eefda6be40, 0x000001eefda67690, 0x000001eefdc5aa40,
0x000001eefdaa03e0, 0x000001eec55f1d60, 0x000001eec582b720, 0x000001eec582d160,
0x000001eec582b090, 0x000001eec8046bc0, 0x000001eec8046530, 0x000001eec8047250,
0x000001eec8044af0, 0x000001eec80478e0, 0x000001eec8048600, 0x000001eec8045180,
0x000001eec8047f70, 0x000001eec8048c90, 0x000001eec8045810, 0x000001eec8049320,
0x000001eec8045ea0, 0x000001eec804ba80, 0x000001eec804a6d0, 0x000001eec804c110,
0x000001eec66b1e80, 0x000001eec66b45e0, 0x000001eec582d7f0
}

Java Threads: ( => current thread )
  0x000001eee5d0e430 JavaThread "main"                              [_thread_blocked, id=2968, stack(0x000000774d800000,0x000000774d900000) (1024K)]
  0x000001eee5cbe2f0 JavaThread "Reference Handler"          daemon [_thread_blocked, id=16028, stack(0x000000774dc00000,0x000000774dd00000) (1024K)]
  0x000001eee5dc2c80 JavaThread "Finalizer"                  daemon [_thread_blocked, id=15216, stack(0x000000774dd00000,0x000000774de00000) (1024K)]
  0x000001eee5dc3e30 JavaThread "Signal Dispatcher"          daemon [_thread_blocked, id=17836, stack(0x000000774de00000,0x000000774df00000) (1024K)]
=>0x000001eee5dc4bb0 JavaThread "Attach Listener"            daemon [_thread_in_vm, id=19440, stack(0x000000774df00000,0x000000774e000000) (1024K)]
  0x000001eee5dc8b70 JavaThread "Service Thread"             daemon [_thread_blocked, id=16140, stack(0x000000774e000000,0x000000774e100000) (1024K)]
  0x000001eee5dcb670 JavaThread "Monitor Deflation Thread"   daemon [_thread_blocked, id=16288, stack(0x000000774e100000,0x000000774e200000) (1024K)]
  0x000001eee5dcd4b0 JavaThread "C2 CompilerThread0"         daemon [_thread_blocked, id=13360, stack(0x000000774e200000,0x000000774e300000) (1024K)]
  0x000001eefda267a0 JavaThread "C1 CompilerThread0"         daemon [_thread_blocked, id=13856, stack(0x000000774e300000,0x000000774e400000) (1024K)]
  0x000001eefdc3c110 JavaThread "Common-Cleaner"             daemon [_thread_blocked, id=4380, stack(0x000000774e500000,0x000000774e600000) (1024K)]
  0x000001eefdd64d10 JavaThread "Notification Thread"        daemon [_thread_blocked, id=2392, stack(0x000000774e600000,0x000000774e700000) (1024K)]
  0x000001eec5031050 JavaThread "Active Thread: Equinox Container: a8a3d12f-a1c3-4546-b119-cd9189945454"        [_thread_blocked, id=14188, stack(0x000000774e400000,0x000000774e500000) (1024K)]
  0x000001eefe9c60a0 JavaThread "Refresh Thread: Equinox Container: a8a3d12f-a1c3-4546-b119-cd9189945454" daemon [_thread_blocked, id=4540, stack(0x000000774ee00000,0x000000774ef00000) (1024K)]
  0x000001eefda6be40 JavaThread "Framework Event Dispatcher: Equinox Container: a8a3d12f-a1c3-4546-b119-cd9189945454" daemon [_thread_blocked, id=26272, stack(0x000000774ef00000,0x000000774f000000) (1024K)]
  0x000001eefda67690 JavaThread "Start Level: Equinox Container: a8a3d12f-a1c3-4546-b119-cd9189945454" daemon [_thread_blocked, id=3540, stack(0x000000774f000000,0x000000774f100000) (1024K)]
  0x000001eefdc5aa40 JavaThread "Bundle File Closer"         daemon [_thread_blocked, id=12176, stack(0x000000774f300000,0x000000774f400000) (1024K)]
  0x000001eefdaa03e0 JavaThread "SCR Component Actor"        daemon [_thread_blocked, id=25004, stack(0x000000774f400000,0x000000774f500000) (1024K)]
  0x000001eec55f1d60 JavaThread "Worker-JM"                         [_thread_blocked, id=18412, stack(0x000000774f700000,0x000000774f800000) (1024K)]
  0x000001eec582b720 JavaThread "JNA Cleaner"                daemon [_thread_blocked, id=12124, stack(0x000000774f500000,0x000000774f600000) (1024K)]
  0x000001eec582d160 JavaThread "Java indexing"              daemon [_thread_blocked, id=11044, stack(0x000000774fa00000,0x000000774fb00000) (1024K)]
  0x000001eec582b090 JavaThread "Thread-1"                   daemon [_thread_in_native, id=4300, stack(0x0000007750200000,0x0000007750300000) (1024K)]
  0x000001eec8046bc0 JavaThread "Thread-2"                   daemon [_thread_in_native, id=18976, stack(0x0000007750300000,0x0000007750400000) (1024K)]
  0x000001eec8046530 JavaThread "Thread-3"                   daemon [_thread_in_native, id=14992, stack(0x0000007750400000,0x0000007750500000) (1024K)]
  0x000001eec8047250 JavaThread "Thread-4"                   daemon [_thread_in_native, id=17540, stack(0x0000007750500000,0x0000007750600000) (1024K)]
  0x000001eec8044af0 JavaThread "Thread-5"                   daemon [_thread_in_native, id=7772, stack(0x0000007750600000,0x0000007750700000) (1024K)]
  0x000001eec80478e0 JavaThread "Thread-6"                   daemon [_thread_in_native, id=19920, stack(0x0000007750700000,0x0000007750800000) (1024K)]
  0x000001eec8048600 JavaThread "Thread-7"                   daemon [_thread_in_native, id=18204, stack(0x0000007750800000,0x0000007750900000) (1024K)]
  0x000001eec8045180 JavaThread "Thread-8"                   daemon [_thread_in_native, id=25928, stack(0x0000007750900000,0x0000007750a00000) (1024K)]
  0x000001eec8047f70 JavaThread "Thread-9"                   daemon [_thread_in_native, id=16252, stack(0x0000007750a00000,0x0000007750b00000) (1024K)]
  0x000001eec8048c90 JavaThread "Thread-10"                  daemon [_thread_in_native, id=23620, stack(0x0000007750b00000,0x0000007750c00000) (1024K)]
  0x000001eec8045810 JavaThread "Thread-11"                  daemon [_thread_in_native, id=4672, stack(0x0000007750c00000,0x0000007750d00000) (1024K)]
  0x000001eec8049320 JavaThread "Thread-12"                  daemon [_thread_in_native, id=21304, stack(0x0000007750d00000,0x0000007750e00000) (1024K)]
  0x000001eec8045ea0 JavaThread "Thread-13"                  daemon [_thread_in_native, id=13144, stack(0x0000007750e00000,0x0000007750f00000) (1024K)]
  0x000001eec804ba80 JavaThread "pool-2-thread-1"                   [_thread_blocked, id=10448, stack(0x0000007750f00000,0x0000007751000000) (1024K)]
  0x000001eec804a6d0 JavaThread "WorkspaceEventsHandler"            [_thread_blocked, id=14328, stack(0x0000007751000000,0x0000007751100000) (1024K)]
  0x000001eec804c110 JavaThread "pool-1-thread-1"                   [_thread_blocked, id=12788, stack(0x0000007751100000,0x0000007751200000) (1024K)]
  0x000001eec66b1e80 JavaThread "Cleaner-0"                  daemon [_thread_blocked, id=4628, stack(0x0000007751800000,0x0000007751900000) (1024K)]
  0x000001eec66b45e0 JavaThread "Worker-6"                          [_thread_blocked, id=19348, stack(0x000000774d600000,0x000000774d700000) (1024K)]
  0x000001eec582d7f0 JavaThread "Worker-7"                          [_thread_blocked, id=22456, stack(0x0000007751400000,0x0000007751500000) (1024K)]
Total: 39

Other Threads:
  0x000001eee5ca48b0 VMThread "VM Thread"                           [id=18924, stack(0x000000774db00000,0x000000774dc00000) (1024K)]
  0x000001eee5b9ca10 WatcherThread "VM Periodic Task Thread"        [id=3040, stack(0x000000774da00000,0x000000774db00000) (1024K)]
  0x000001eee5d2c900 WorkerThread "GC Thread#0"                     [id=15048, stack(0x000000774d900000,0x000000774da00000) (1024K)]
  0x000001eec5014840 WorkerThread "GC Thread#1"                     [id=25844, stack(0x000000774e700000,0x000000774e800000) (1024K)]
  0x000001eefeb3c8c0 WorkerThread "GC Thread#2"                     [id=19340, stack(0x000000774e800000,0x000000774e900000) (1024K)]
  0x000001eefeb3cc60 WorkerThread "GC Thread#3"                     [id=14744, stack(0x000000774e900000,0x000000774ea00000) (1024K)]
  0x000001eefed525e0 WorkerThread "GC Thread#4"                     [id=20728, stack(0x000000774ea00000,0x000000774eb00000) (1024K)]
  0x000001eec5096f60 WorkerThread "GC Thread#5"                     [id=4144, stack(0x000000774eb00000,0x000000774ec00000) (1024K)]
  0x000001eec5097300 WorkerThread "GC Thread#6"                     [id=22428, stack(0x000000774ec00000,0x000000774ed00000) (1024K)]
  0x000001eefda31650 WorkerThread "GC Thread#7"                     [id=2452, stack(0x000000774ed00000,0x000000774ee00000) (1024K)]
  0x000001eefdc29700 WorkerThread "GC Thread#8"                     [id=26164, stack(0x000000774f100000,0x000000774f200000) (1024K)]
  0x000001eefdc284e0 WorkerThread "GC Thread#9"                     [id=6204, stack(0x000000774f200000,0x000000774f300000) (1024K)]
Total: 12

Threads with active compile tasks:
Total: 0

VM state: not at safepoint (normal execution)

VM Mutex/Monitor currently owned by a thread: None

Heap address: 0x0000000080000000, size: 2048 MB, Compressed Oops mode: 32-bit

CDS archive(s) mapped at: [0x000001ee80000000-0x000001ee80ba0000-0x000001ee80ba0000), size 12189696, SharedBaseAddress: 0x000001ee80000000, ArchiveRelocationMode: 1.
Compressed class space mapped at: 0x000001ee81000000-0x000001eec1000000, reserved size: 1073741824
Narrow klass base: 0x000001ee80000000, Narrow klass shift: 0, Narrow klass range: 0x100000000

GC Precious Log:
 CardTable entry size: 512
 CPUs: 12 total, 12 available
 Memory: 16095M
 Large Page Support: Disabled
 NUMA Support: Disabled
 Compressed Oops: Enabled (32-bit)
 Alignments: Space 512K, Generation 512K, Heap 2M
 Heap Min Capacity: 100M
 Heap Initial Capacity: 100M
 Heap Max Capacity: 2G
 Pre-touch: Disabled
 Parallel Workers: 10

Heap:
 PSYoungGen      total 2560K, used 1499K [0x00000000d5580000, 0x00000000d5980000, 0x0000000100000000)
  eden space 2048K, 60% used [0x00000000d5580000,0x00000000d56b6f08,0x00000000d5780000)
  from space 512K, 50% used [0x00000000d5900000,0x00000000d5940000,0x00000000d5980000)
  to   space 512K, 0% used [0x00000000d5880000,0x00000000d5880000,0x00000000d5900000)
 ParOldGen       total 267776K, used 267579K [0x0000000080000000, 0x0000000090580000, 0x00000000d5580000)
  object space 267776K, 99% used [0x0000000080000000,0x000000009054ef28,0x0000000090580000)
 Metaspace       used 76082K, committed 77760K, reserved 1179648K
  class space    used 7943K, committed 8640K, reserved 1048576K

Card table byte_map: [0x000001eee56b0000,0x000001eee5ac0000] _byte_map_base: 0x000001eee52b0000

Marking Bits: (ParMarkBitMap*) 0x00007ffc9c1b2460
 Begin Bits: [0x000001eef81c0000, 0x000001eefa1c0000)
 End Bits:   [0x000001eefa1c0000, 0x000001eefc1c0000)

Polling page: 0x000001eee3b10000

Metaspace:

Usage:
  Non-class:     66.54 MB used.
      Class:      7.76 MB used.
       Both:     74.30 MB used.

Virtual space:
  Non-class space:      128.00 MB reserved,      67.50 MB ( 53%) committed,  2 nodes.
      Class space:        1.00 GB reserved,       8.44 MB ( <1%) committed,  1 nodes.
             Both:        1.12 GB reserved,      75.94 MB (  7%) committed. 

Chunk freelists:
   Non-Class:  12.22 MB
       Class:  7.43 MB
        Both:  19.65 MB

MaxMetaspaceSize: unlimited
CompressedClassSpaceSize: 1.00 GB
Initial GC threshold: 21.00 MB
Current GC threshold: 97.31 MB
CDS: on
 - commit_granule_bytes: 65536.
 - commit_granule_words: 8192.
 - virtual_space_node_default_size: 8388608.
 - enlarge_chunks_in_place: 1.
 - use_allocation_guard: 0.


Internal statistics:

num_allocs_failed_limit: 9.
num_arena_births: 1334.
num_arena_deaths: 14.
num_vsnodes_births: 3.
num_vsnodes_deaths: 0.
num_space_committed: 1215.
num_space_uncommitted: 0.
num_chunks_returned_to_freelist: 23.
num_chunks_taken_from_freelist: 5068.
num_chunk_merges: 15.
num_chunk_splits: 3083.
num_chunks_enlarged: 1745.
num_inconsistent_stats: 0.

CodeHeap 'non-profiled nmethods': size=120000Kb used=12978Kb max_used=12978Kb free=107021Kb
 bounds [0x000001eef09e0000, 0x000001eef1690000, 0x000001eef7f10000]
CodeHeap 'profiled nmethods': size=120000Kb used=34938Kb max_used=34938Kb free=85062Kb
 bounds [0x000001eee8f10000, 0x000001eeeb130000, 0x000001eef0440000]
CodeHeap 'non-nmethods': size=5760Kb used=1466Kb max_used=1559Kb free=4293Kb
 bounds [0x000001eef0440000, 0x000001eef06b0000, 0x000001eef09e0000]
CodeCache: size=245760Kb, used=49382Kb, max_used=49475Kb, free=196376Kb
 total_blobs=14684, nmethods=13901, adapters=687, full_count=0
Compilation: enabled, stopped_count=0, restarted_count=0

Compilation events (20 events):
Event: 4068.051 Thread 0x000001eee5dcd4b0 14707       4       sun.nio.ch.PendingFuture::get (65 bytes)
Event: 4068.064 Thread 0x000001eee5dcd4b0 nmethod 14707 0x000001eef1689f10 code [0x000001eef168a0e0, 0x000001eef168a660]
Event: 4068.071 Thread 0x000001eefda267a0 14708       3       org.eclipse.core.filesystem.provider.FileInfo::exists (7 bytes)
Event: 4068.071 Thread 0x000001eefda267a0 nmethod 14708 0x000001eeeb123d10 code [0x000001eeeb123ec0, 0x000001eeeb124020]
Event: 4077.811 Thread 0x000001eee5dcd4b0 14709       4       org.eclipse.core.runtime.Path::computeHashCode (47 bytes)
Event: 4077.816 Thread 0x000001eee5dcd4b0 nmethod 14709 0x000001eef168a910 code [0x000001eef168ab00, 0x000001eef168af18]
Event: 4087.205 Thread 0x000001eefda267a0 14710       3       org.eclipse.jdt.ls.core.internal.filesystem.JLSFile::getChild (121 bytes)
Event: 4087.207 Thread 0x000001eefda267a0 nmethod 14710 0x000001eeeb124110 code [0x000001eeeb124500, 0x000001eeeb125c10]
Event: 4087.207 Thread 0x000001eee5dcd4b0 14711       4       org.eclipse.core.runtime.Path::<init> (77 bytes)
Event: 4087.215 Thread 0x000001eee5dcd4b0 nmethod 14711 0x000001eef168b110 code [0x000001eef168b360, 0x000001eef168bc30]
Event: 4091.904 Thread 0x000001eefda267a0 14712       3       org.eclipse.jdt.ls.core.internal.corrections.InnovationContext::getCoveredNode (38 bytes)
Event: 4091.906 Thread 0x000001eefda267a0 nmethod 14712 0x000001eeeb126590 code [0x000001eeeb126760, 0x000001eeeb126aa0]
Event: 4091.906 Thread 0x000001eefda267a0 14713  s!   3       org.eclipse.jdt.core.dom.DefaultBindingResolver::resolveWellKnownType (690 bytes)
Event: 4091.913 Thread 0x000001eefda267a0 nmethod 14713 0x000001eeeb126c10 code [0x000001eeeb1275a0, 0x000001eeeb12b8b8]
Event: 4092.165 Thread 0x000001eee5dcd4b0 14714       4       java.lang.Class::arrayContentsEq (70 bytes)
Event: 4092.166 Thread 0x000001eee5dcd4b0 nmethod 14714 0x000001eef168c610 code [0x000001eef168c7a0, 0x000001eef168c8a8]
Event: 4188.242 Thread 0x000001eefda267a0 14715       3       java.lang.ProcessHandleImpl::get (51 bytes)
Event: 4188.243 Thread 0x000001eefda267a0 nmethod 14715 0x000001eeeb12d890 code [0x000001eeeb12daa0, 0x000001eeeb12e0a8]
Event: 4188.243 Thread 0x000001eefda267a0 14716       3       java.lang.ProcessHandleImpl::isAlive (44 bytes)
Event: 4188.243 Thread 0x000001eefda267a0 nmethod 14716 0x000001eeeb12e310 code [0x000001eeeb12e4c0, 0x000001eeeb12e720]

GC Heap History (20 events):
Event: 2904.141 GC heap before
{Heap before GC invocations=290 (full 3):
 PSYoungGen      total 3072K, used 2752K [0x00000000d5580000, 0x00000000d5a00000, 0x0000000100000000)
  eden space 1536K, 100% used [0x00000000d5580000,0x00000000d5700000,0x00000000d5700000)
  from space 1536K, 79% used [0x00000000d5880000,0x00000000d59b0000,0x00000000d5a00000)
  to   space 1536K, 0% used [0x00000000d5700000,0x00000000d5700000,0x00000000d5880000)
 ParOldGen       total 260608K, used 260584K [0x0000000080000000, 0x000000008fe80000, 0x00000000d5580000)
  object space 260608K, 99% used [0x0000000080000000,0x000000008fe7a038,0x000000008fe80000)
 Metaspace       used 76026K, committed 77696K, reserved 1179648K
  class space    used 7943K, committed 8640K, reserved 1048576K
}
Event: 2904.145 GC heap after
{Heap after GC invocations=290 (full 3):
 PSYoungGen      total 3072K, used 950K [0x00000000d5580000, 0x00000000d5a80000, 0x0000000100000000)
  eden space 1536K, 0% used [0x00000000d5580000,0x00000000d5580000,0x00000000d5700000)
  from space 1536K, 61% used [0x00000000d5700000,0x00000000d57edb00,0x00000000d5880000)
  to   space 1536K, 0% used [0x00000000d5900000,0x00000000d5900000,0x00000000d5a80000)
 ParOldGen       total 261632K, used 261624K [0x0000000080000000, 0x000000008ff80000, 0x00000000d5580000)
  object space 261632K, 99% used [0x0000000080000000,0x000000008ff7e038,0x000000008ff80000)
 Metaspace       used 76026K, committed 77696K, reserved 1179648K
  class space    used 7943K, committed 8640K, reserved 1048576K
}
Event: 2904.164 GC heap before
{Heap before GC invocations=291 (full 3):
 PSYoungGen      total 3072K, used 2486K [0x00000000d5580000, 0x00000000d5a80000, 0x0000000100000000)
  eden space 1536K, 100% used [0x00000000d5580000,0x00000000d5700000,0x00000000d5700000)
  from space 1536K, 61% used [0x00000000d5700000,0x00000000d57edb00,0x00000000d5880000)
  to   space 1536K, 0% used [0x00000000d5900000,0x00000000d5900000,0x00000000d5a80000)
 ParOldGen       total 261632K, used 261624K [0x0000000080000000, 0x000000008ff80000, 0x00000000d5580000)
  object space 261632K, 99% used [0x0000000080000000,0x000000008ff7e038,0x000000008ff80000)
 Metaspace       used 76026K, committed 77696K, reserved 1179648K
  class space    used 7943K, committed 8640K, reserved 1048576K
}
Event: 2904.167 GC heap after
{Heap after GC invocations=291 (full 3):
 PSYoungGen      total 2560K, used 1523K [0x00000000d5580000, 0x00000000d5c80000, 0x0000000100000000)
  eden space 1024K, 0% used [0x00000000d5580000,0x00000000d5580000,0x00000000d5680000)
  from space 1536K, 99% used [0x00000000d5900000,0x00000000d5a7cee0,0x00000000d5a80000)
  to   space 2560K, 0% used [0x00000000d5680000,0x00000000d5680000,0x00000000d5900000)
 ParOldGen       total 262656K, used 262216K [0x0000000080000000, 0x0000000090080000, 0x00000000d5580000)
  object space 262656K, 99% used [0x0000000080000000,0x0000000090012048,0x0000000090080000)
 Metaspace       used 76026K, committed 77696K, reserved 1179648K
  class space    used 7943K, committed 8640K, reserved 1048576K
}
Event: 2904.172 GC heap before
{Heap before GC invocations=292 (full 3):
 PSYoungGen      total 2560K, used 2547K [0x00000000d5580000, 0x00000000d5c80000, 0x0000000100000000)
  eden space 1024K, 100% used [0x00000000d5580000,0x00000000d5680000,0x00000000d5680000)
  from space 1536K, 99% used [0x00000000d5900000,0x00000000d5a7cee0,0x00000000d5a80000)
  to   space 2560K, 0% used [0x00000000d5680000,0x00000000d5680000,0x00000000d5900000)
 ParOldGen       total 262656K, used 262216K [0x0000000080000000, 0x0000000090080000, 0x00000000d5580000)
  object space 262656K, 99% used [0x0000000080000000,0x0000000090012048,0x0000000090080000)
 Metaspace       used 76026K, committed 77696K, reserved 1179648K
  class space    used 7943K, committed 8640K, reserved 1048576K
}
Event: 2904.175 GC heap after
{Heap after GC invocations=292 (full 3):
 PSYoungGen      total 2560K, used 1120K [0x00000000d5580000, 0x00000000d5a00000, 0x0000000100000000)
  eden space 1024K, 0% used [0x00000000d5580000,0x00000000d5580000,0x00000000d5680000)
  from space 1536K, 72% used [0x00000000d5680000,0x00000000d5798000,0x00000000d5800000)
  to   space 1536K, 0% used [0x00000000d5880000,0x00000000d5880000,0x00000000d5a00000)
 ParOldGen       total 264192K, used 263723K [0x0000000080000000, 0x0000000090200000, 0x00000000d5580000)
  object space 264192K, 99% used [0x0000000080000000,0x000000009018af28,0x0000000090200000)
 Metaspace       used 76026K, committed 77696K, reserved 1179648K
  class space    used 7943K, committed 8640K, reserved 1048576K
}
Event: 2904.179 GC heap before
{Heap before GC invocations=293 (full 3):
 PSYoungGen      total 2560K, used 2144K [0x00000000d5580000, 0x00000000d5a00000, 0x0000000100000000)
  eden space 1024K, 100% used [0x00000000d5580000,0x00000000d5680000,0x00000000d5680000)
  from space 1536K, 72% used [0x00000000d5680000,0x00000000d5798000,0x00000000d5800000)
  to   space 1536K, 0% used [0x00000000d5880000,0x00000000d5880000,0x00000000d5a00000)
 ParOldGen       total 264192K, used 263723K [0x0000000080000000, 0x0000000090200000, 0x00000000d5580000)
  object space 264192K, 99% used [0x0000000080000000,0x000000009018af28,0x0000000090200000)
 Metaspace       used 76029K, committed 77696K, reserved 1179648K
  class space    used 7943K, committed 8640K, reserved 1048576K
}
Event: 2904.181 GC heap after
{Heap after GC invocations=293 (full 3):
 PSYoungGen      total 3072K, used 1120K [0x00000000d5580000, 0x00000000d5a00000, 0x0000000100000000)
  eden space 1536K, 0% used [0x00000000d5580000,0x00000000d5580000,0x00000000d5700000)
  from space 1536K, 72% used [0x00000000d5880000,0x00000000d5998000,0x00000000d5a00000)
  to   space 1536K, 0% used [0x00000000d5700000,0x00000000d5700000,0x00000000d5880000)
 ParOldGen       total 265216K, used 264739K [0x0000000080000000, 0x0000000090300000, 0x00000000d5580000)
  object space 265216K, 99% used [0x0000000080000000,0x0000000090288f28,0x0000000090300000)
 Metaspace       used 76029K, committed 77696K, reserved 1179648K
  class space    used 7943K, committed 8640K, reserved 1048576K
}
Event: 2904.189 GC heap before
{Heap before GC invocations=294 (full 3):
 PSYoungGen      total 3072K, used 2532K [0x00000000d5580000, 0x00000000d5a00000, 0x0000000100000000)
  eden space 1536K, 91% used [0x00000000d5580000,0x00000000d56e1248,0x00000000d5700000)
  from space 1536K, 72% used [0x00000000d5880000,0x00000000d5998000,0x00000000d5a00000)
  to   space 1536K, 0% used [0x00000000d5700000,0x00000000d5700000,0x00000000d5880000)
 ParOldGen       total 265216K, used 264739K [0x0000000080000000, 0x0000000090300000, 0x00000000d5580000)
  object space 265216K, 99% used [0x0000000080000000,0x0000000090288f28,0x0000000090300000)
 Metaspace       used 76030K, committed 77696K, reserved 1179648K
  class space    used 7943K, committed 8640K, reserved 1048576K
}
Event: 2904.193 GC heap after
{Heap after GC invocations=294 (full 3):
 PSYoungGen      total 3072K, used 1320K [0x00000000d5580000, 0x00000000d5a80000, 0x0000000100000000)
  eden space 1536K, 0% used [0x00000000d5580000,0x00000000d5580000,0x00000000d5700000)
  from space 1536K, 85% used [0x00000000d5700000,0x00000000d584a000,0x00000000d5880000)
  to   space 1536K, 0% used [0x00000000d5900000,0x00000000d5900000,0x00000000d5a80000)
 ParOldGen       total 265728K, used 265723K [0x0000000080000000, 0x0000000090380000, 0x00000000d5580000)
  object space 265728K, 99% used [0x0000000080000000,0x000000009037ef28,0x0000000090380000)
 Metaspace       used 76030K, committed 77696K, reserved 1179648K
  class space    used 7943K, committed 8640K, reserved 1048576K
}
Event: 2904.439 GC heap before
{Heap before GC invocations=295 (full 3):
 PSYoungGen      total 3072K, used 2856K [0x00000000d5580000, 0x00000000d5a80000, 0x0000000100000000)
  eden space 1536K, 100% used [0x00000000d5580000,0x00000000d5700000,0x00000000d5700000)
  from space 1536K, 85% used [0x00000000d5700000,0x00000000d584a000,0x00000000d5880000)
  to   space 1536K, 0% used [0x00000000d5900000,0x00000000d5900000,0x00000000d5a80000)
 ParOldGen       total 265728K, used 265723K [0x0000000080000000, 0x0000000090380000, 0x00000000d5580000)
  object space 265728K, 99% used [0x0000000080000000,0x000000009037ef28,0x0000000090380000)
 Metaspace       used 76030K, committed 77696K, reserved 1179648K
  class space    used 7943K, committed 8640K, reserved 1048576K
}
Event: 2904.443 GC heap after
{Heap after GC invocations=295 (full 3):
 PSYoungGen      total 3584K, used 928K [0x00000000d5580000, 0x00000000d5a80000, 0x0000000100000000)
  eden space 2048K, 0% used [0x00000000d5580000,0x00000000d5580000,0x00000000d5780000)
  from space 1536K, 60% used [0x00000000d5900000,0x00000000d59e8010,0x00000000d5a80000)
  to   space 1536K, 0% used [0x00000000d5780000,0x00000000d5780000,0x00000000d5900000)
 ParOldGen       total 267264K, used 266787K [0x0000000080000000, 0x0000000090500000, 0x00000000d5580000)
  object space 267264K, 99% used [0x0000000080000000,0x0000000090488f28,0x0000000090500000)
 Metaspace       used 76030K, committed 77696K, reserved 1179648K
  class space    used 7943K, committed 8640K, reserved 1048576K
}
Event: 2904.452 GC heap before
{Heap before GC invocations=296 (full 3):
 PSYoungGen      total 3584K, used 2976K [0x00000000d5580000, 0x00000000d5a80000, 0x0000000100000000)
  eden space 2048K, 100% used [0x00000000d5580000,0x00000000d5780000,0x00000000d5780000)
  from space 1536K, 60% used [0x00000000d5900000,0x00000000d59e8010,0x00000000d5a80000)
  to   space 1536K, 0% used [0x00000000d5780000,0x00000000d5780000,0x00000000d5900000)
 ParOldGen       total 267264K, used 266787K [0x0000000080000000, 0x0000000090500000, 0x00000000d5580000)
  object space 267264K, 99% used [0x0000000080000000,0x0000000090488f28,0x0000000090500000)
 Metaspace       used 76035K, committed 77696K, reserved 1179648K
  class space    used 7943K, committed 8640K, reserved 1048576K
}
Event: 2904.455 GC heap after
{Heap after GC invocations=296 (full 3):
 PSYoungGen      total 3584K, used 288K [0x00000000d5580000, 0x00000000d5a00000, 0x0000000100000000)
  eden space 2048K, 0% used [0x00000000d5580000,0x00000000d5580000,0x00000000d5780000)
  from space 1536K, 18% used [0x00000000d5780000,0x00000000d57c8000,0x00000000d5900000)
  to   space 1024K, 0% used [0x00000000d5900000,0x00000000d5900000,0x00000000d5a00000)
 ParOldGen       total 267776K, used 267427K [0x0000000080000000, 0x0000000090580000, 0x00000000d5580000)
  object space 267776K, 99% used [0x0000000080000000,0x0000000090528f28,0x0000000090580000)
 Metaspace       used 76035K, committed 77696K, reserved 1179648K
  class space    used 7943K, committed 8640K, reserved 1048576K
}
Event: 2919.452 GC heap before
{Heap before GC invocations=297 (full 3):
 PSYoungGen      total 3584K, used 2336K [0x00000000d5580000, 0x00000000d5a00000, 0x0000000100000000)
  eden space 2048K, 100% used [0x00000000d5580000,0x00000000d5780000,0x00000000d5780000)
  from space 1536K, 18% used [0x00000000d5780000,0x00000000d57c8000,0x00000000d5900000)
  to   space 1024K, 0% used [0x00000000d5900000,0x00000000d5900000,0x00000000d5a00000)
 ParOldGen       total 267776K, used 267427K [0x0000000080000000, 0x0000000090580000, 0x00000000d5580000)
  object space 267776K, 99% used [0x0000000080000000,0x0000000090528f28,0x0000000090580000)
 Metaspace       used 76039K, committed 77696K, reserved 1179648K
  class space    used 7943K, committed 8640K, reserved 1048576K
}
Event: 2919.454 GC heap after
{Heap after GC invocations=297 (full 3):
 PSYoungGen      total 2560K, used 192K [0x00000000d5580000, 0x00000000d5980000, 0x0000000100000000)
  eden space 2048K, 0% used [0x00000000d5580000,0x00000000d5580000,0x00000000d5780000)
  from space 512K, 37% used [0x00000000d5900000,0x00000000d5930000,0x00000000d5980000)
  to   space 512K, 0% used [0x00000000d5880000,0x00000000d5880000,0x00000000d5900000)
 ParOldGen       total 267776K, used 267443K [0x0000000080000000, 0x0000000090580000, 0x00000000d5580000)
  object space 267776K, 99% used [0x0000000080000000,0x000000009052cf28,0x0000000090580000)
 Metaspace       used 76039K, committed 77696K, reserved 1179648K
  class space    used 7943K, committed 8640K, reserved 1048576K
}
Event: 4068.051 GC heap before
{Heap before GC invocations=298 (full 3):
 PSYoungGen      total 2560K, used 2239K [0x00000000d5580000, 0x00000000d5980000, 0x0000000100000000)
  eden space 2048K, 99% used [0x00000000d5580000,0x00000000d577fff8,0x00000000d5780000)
  from space 512K, 37% used [0x00000000d5900000,0x00000000d5930000,0x00000000d5980000)
  to   space 512K, 0% used [0x00000000d5880000,0x00000000d5880000,0x00000000d5900000)
 ParOldGen       total 267776K, used 267443K [0x0000000080000000, 0x0000000090580000, 0x00000000d5580000)
  object space 267776K, 99% used [0x0000000080000000,0x000000009052cf28,0x0000000090580000)
 Metaspace       used 76069K, committed 77696K, reserved 1179648K
  class space    used 7943K, committed 8640K, reserved 1048576K
}
Event: 4068.053 GC heap after
{Heap after GC invocations=298 (full 3):
 PSYoungGen      total 2560K, used 288K [0x00000000d5580000, 0x00000000d5980000, 0x0000000100000000)
  eden space 2048K, 0% used [0x00000000d5580000,0x00000000d5580000,0x00000000d5780000)
  from space 512K, 56% used [0x00000000d5880000,0x00000000d58c8000,0x00000000d5900000)
  to   space 512K, 0% used [0x00000000d5900000,0x00000000d5900000,0x00000000d5980000)
 ParOldGen       total 267776K, used 267515K [0x0000000080000000, 0x0000000090580000, 0x00000000d5580000)
  object space 267776K, 99% used [0x0000000080000000,0x000000009053ef28,0x0000000090580000)
 Metaspace       used 76069K, committed 77696K, reserved 1179648K
  class space    used 7943K, committed 8640K, reserved 1048576K
}
Event: 4087.219 GC heap before
{Heap before GC invocations=299 (full 3):
 PSYoungGen      total 2560K, used 2336K [0x00000000d5580000, 0x00000000d5980000, 0x0000000100000000)
  eden space 2048K, 100% used [0x00000000d5580000,0x00000000d5780000,0x00000000d5780000)
  from space 512K, 56% used [0x00000000d5880000,0x00000000d58c8000,0x00000000d5900000)
  to   space 512K, 0% used [0x00000000d5900000,0x00000000d5900000,0x00000000d5980000)
 ParOldGen       total 267776K, used 267515K [0x0000000080000000, 0x0000000090580000, 0x00000000d5580000)
  object space 267776K, 99% used [0x0000000080000000,0x000000009053ef28,0x0000000090580000)
 Metaspace       used 76070K, committed 77696K, reserved 1179648K
  class space    used 7943K, committed 8640K, reserved 1048576K
}
Event: 4087.220 GC heap after
{Heap after GC invocations=299 (full 3):
 PSYoungGen      total 2560K, used 256K [0x00000000d5580000, 0x00000000d5980000, 0x0000000100000000)
  eden space 2048K, 0% used [0x00000000d5580000,0x00000000d5580000,0x00000000d5780000)
  from space 512K, 50% used [0x00000000d5900000,0x00000000d5940000,0x00000000d5980000)
  to   space 512K, 0% used [0x00000000d5880000,0x00000000d5880000,0x00000000d5900000)
 ParOldGen       total 267776K, used 267579K [0x0000000080000000, 0x0000000090580000, 0x00000000d5580000)
  object space 267776K, 99% used [0x0000000080000000,0x000000009054ef28,0x0000000090580000)
 Metaspace       used 76070K, committed 77696K, reserved 1179648K
  class space    used 7943K, committed 8640K, reserved 1048576K
}

Dll operation events (10 events):
Event: 0.029 Loaded shared library c:\Users\HP\.vscode\extensions\redhat.java-1.52.0-win32-x64\jre\21.0.9-win32-x86_64\bin\java.dll
Event: 0.157 Loaded shared library c:\Users\HP\.vscode\extensions\redhat.java-1.52.0-win32-x64\jre\21.0.9-win32-x86_64\bin\zip.dll
Event: 0.204 Loaded shared library C:\Users\HP\.vscode\extensions\redhat.java-1.52.0-win32-x64\jre\21.0.9-win32-x86_64\bin\instrument.dll
Event: 0.217 Loaded shared library C:\Users\HP\.vscode\extensions\redhat.java-1.52.0-win32-x64\jre\21.0.9-win32-x86_64\bin\net.dll
Event: 0.222 Loaded shared library C:\Users\HP\.vscode\extensions\redhat.java-1.52.0-win32-x64\jre\21.0.9-win32-x86_64\bin\nio.dll
Event: 0.226 Loaded shared library C:\Users\HP\.vscode\extensions\redhat.java-1.52.0-win32-x64\jre\21.0.9-win32-x86_64\bin\zip.dll
Event: 0.253 Loaded shared library C:\Users\HP\.vscode\extensions\redhat.java-1.52.0-win32-x64\jre\21.0.9-win32-x86_64\bin\jimage.dll
Event: 0.405 Loaded shared library c:\Users\HP\.vscode\extensions\redhat.java-1.52.0-win32-x64\jre\21.0.9-win32-x86_64\bin\verify.dll
Event: 27.623 Loaded shared library C:\Users\HP\AppData\Roaming\Code\User\globalStorage\redhat.java\1.52.0\config_win\org.eclipse.equinox.launcher\org.eclipse.equinox.launcher.win32.win32.x86_64_1.2.1500.v20260121-1430\eclipse_11919.dll
Event: 52.445 Loaded shared library C:\Users\HP\AppData\Local\Temp\jna-2312\jna15695999786174248853.dll

Deoptimization events (20 events):
Event: 2900.800 Thread 0x000001eec66b45e0 DEOPT PACKING pc=0x000001eef15edb30 sp=0x000000774d6fe9e0
Event: 2900.800 Thread 0x000001eec66b45e0 DEOPT UNPACKING pc=0x000001eef0493aa2 sp=0x000000774d6fe968 mode 2
Event: 2904.467 Thread 0x000001eec66b1160 DEOPT PACKING pc=0x000001eeea6ff2c6 sp=0x000000774f8ff130
Event: 2904.468 Thread 0x000001eec66b1160 DEOPT UNPACKING pc=0x000001eef0494242 sp=0x000000774f8fe628 mode 0
Event: 2979.446 Thread 0x000001eec6437900 Uncommon trap: trap_request=0xffffff45 fr.pc=0x000001eef1686850 relative=0x0000000000000650
Event: 2979.446 Thread 0x000001eec6437900 Uncommon trap: reason=unstable_if action=reinterpret pc=0x000001eef1686850 method=java.util.concurrent.ForkJoinPool.awaitWork(Ljava/util/concurrent/ForkJoinPool$WorkQueue;)I @ 266 c2
Event: 2979.446 Thread 0x000001eec6437900 DEOPT PACKING pc=0x000001eef1686850 sp=0x0000007751bff530
Event: 2979.446 Thread 0x000001eec6437900 DEOPT UNPACKING pc=0x000001eef0493aa2 sp=0x0000007751bff4b0 mode 2
Event: 2980.008 Thread 0x000001eec66b1160 Uncommon trap: trap_request=0xffffff45 fr.pc=0x000001eef1686850 relative=0x0000000000000650
Event: 2980.008 Thread 0x000001eec66b1160 Uncommon trap: reason=unstable_if action=reinterpret pc=0x000001eef1686850 method=java.util.concurrent.ForkJoinPool.awaitWork(Ljava/util/concurrent/ForkJoinPool$WorkQueue;)I @ 266 c2
Event: 2980.008 Thread 0x000001eec66b1160 DEOPT PACKING pc=0x000001eef1686850 sp=0x000000774f8ff1b0
Event: 2980.008 Thread 0x000001eec66b1160 DEOPT UNPACKING pc=0x000001eef0493aa2 sp=0x000000774f8ff130 mode 2
Event: 3046.626 Thread 0x000001eec6436550 Uncommon trap: trap_request=0xffffff45 fr.pc=0x000001eef1642f68 relative=0x0000000000000848
Event: 3046.626 Thread 0x000001eec6436550 Uncommon trap: reason=unstable_if action=reinterpret pc=0x000001eef1642f68 method=java.util.stream.AbstractPipeline.sourceSpliterator(I)Ljava/util/Spliterator; @ 82 c2
Event: 3046.626 Thread 0x000001eec6436550 DEOPT PACKING pc=0x000001eef1642f68 sp=0x000000774f6fee70
Event: 3046.626 Thread 0x000001eec6436550 DEOPT UNPACKING pc=0x000001eef0493aa2 sp=0x000000774f6fed30 mode 2
Event: 3046.629 Thread 0x000001eec6436550 Uncommon trap: trap_request=0xffffff45 fr.pc=0x000001eef1491a04 relative=0x0000000000000464
Event: 3046.629 Thread 0x000001eec6436550 Uncommon trap: reason=unstable_if action=reinterpret pc=0x000001eef1491a04 method=java.util.stream.AbstractPipeline.sourceSpliterator(I)Ljava/util/Spliterator; @ 82 c2
Event: 3046.629 Thread 0x000001eec6436550 DEOPT PACKING pc=0x000001eef1491a04 sp=0x000000774f6ff070
Event: 3046.629 Thread 0x000001eec6436550 DEOPT UNPACKING pc=0x000001eef0493aa2 sp=0x000000774f6fefa0 mode 2

Classes loaded (20 events):
Event: 363.713 Loading class java/util/stream/Nodes$ConcNode
Event: 363.713 Loading class java/util/stream/Nodes$AbstractConcNode
Event: 363.713 Loading class java/util/stream/Nodes$AbstractConcNode done
Event: 363.713 Loading class java/util/stream/Nodes$ConcNode done
Event: 363.729 Loading class java/util/stream/Nodes$ToArrayTask$OfRef
Event: 363.729 Loading class java/util/stream/Nodes$ToArrayTask
Event: 363.729 Loading class java/util/stream/Nodes$ToArrayTask done
Event: 363.729 Loading class java/util/stream/Nodes$ToArrayTask$OfRef done
Event: 363.732 Loading class java/io/ObjectOutputStream$BlockDataOutputStream
Event: 363.733 Loading class java/io/ObjectOutputStream$BlockDataOutputStream done
Event: 363.733 Loading class java/io/ObjectOutputStream$HandleTable
Event: 363.733 Loading class java/io/ObjectOutputStream$HandleTable done
Event: 363.734 Loading class java/io/ObjectOutputStream$ReplaceTable
Event: 363.734 Loading class java/io/ObjectOutputStream$ReplaceTable done
Event: 2758.960 Loading class java/util/function/IntPredicate
Event: 2758.960 Loading class java/util/function/IntPredicate done
Event: 2758.976 Loading class java/util/regex/Pattern$Bound
Event: 2758.976 Loading class java/util/regex/Pattern$Bound done
Event: 2791.081 Loading class java/lang/StringLatin1$CharsSpliterator
Event: 2791.081 Loading class java/lang/StringLatin1$CharsSpliterator done

Classes unloaded (7 events):
Event: 53.295 Thread 0x000001eee5ca48b0 Unloading class 0x000001ee811aac00 'java/lang/invoke/LambdaForm$MH+0x000001ee811aac00'
Event: 53.295 Thread 0x000001eee5ca48b0 Unloading class 0x000001ee811aa800 'java/lang/invoke/LambdaForm$MH+0x000001ee811aa800'
Event: 53.295 Thread 0x000001eee5ca48b0 Unloading class 0x000001ee811aa400 'java/lang/invoke/LambdaForm$MH+0x000001ee811aa400'
Event: 53.295 Thread 0x000001eee5ca48b0 Unloading class 0x000001ee811aa000 'java/lang/invoke/LambdaForm$MH+0x000001ee811aa000'
Event: 53.295 Thread 0x000001eee5ca48b0 Unloading class 0x000001ee811a9c00 'java/lang/invoke/LambdaForm$BMH+0x000001ee811a9c00'
Event: 53.295 Thread 0x000001eee5ca48b0 Unloading class 0x000001ee811a9800 'java/lang/invoke/LambdaForm$DMH+0x000001ee811a9800'
Event: 53.295 Thread 0x000001eee5ca48b0 Unloading class 0x000001ee811a8400 'java/lang/invoke/LambdaForm$DMH+0x000001ee811a8400'

Classes redefined (0 events):
No events

Internal exceptions (20 events):
Event: 2805.896 Thread 0x000001eec804c110 Exception <a 'java/lang/ArrayIndexOutOfBoundsException'{0x00000000d56a5610}> (0x00000000d56a5610) 
thrown [s\src\hotspot\share\runtime\sharedRuntime.cpp, line 625]
Event: 2807.704 Thread 0x000001eec582d160 Exception <a 'sun/nio/fs/WindowsException'{0x00000000d56b9390}> (0x00000000d56b9390) 
thrown [s\src\hotspot\share\prims\jni.cpp, line 520]
Event: 2807.765 Thread 0x000001eec582d160 Exception <a 'sun/nio/fs/WindowsException'{0x00000000d565a0b8}> (0x00000000d565a0b8) 
thrown [s\src\hotspot\share\prims\jni.cpp, line 520]
Event: 2811.823 Thread 0x000001eec582d160 Exception <a 'sun/nio/fs/WindowsException'{0x00000000d564eac0}> (0x00000000d564eac0) 
thrown [s\src\hotspot\share\prims\jni.cpp, line 520]
Event: 2811.894 Thread 0x000001eec582d160 Exception <a 'sun/nio/fs/WindowsException'{0x00000000d56946d8}> (0x00000000d56946d8) 
thrown [s\src\hotspot\share\prims\jni.cpp, line 520]
Event: 2863.395 Thread 0x000001eec582d160 Exception <a 'sun/nio/fs/WindowsException'{0x00000000d58b0378}> (0x00000000d58b0378) 
thrown [s\src\hotspot\share\prims\jni.cpp, line 520]
Event: 2863.486 Thread 0x000001eec582d160 Exception <a 'sun/nio/fs/WindowsException'{0x00000000d559e9f8}> (0x00000000d559e9f8) 
thrown [s\src\hotspot\share\prims\jni.cpp, line 520]
Event: 2869.021 Thread 0x000001eec804c110 Exception <a 'java/lang/IncompatibleClassChangeError'{0x00000000d57be6f0}: Found class java.lang.Object, but interface was expected> (0x00000000d57be6f0) 
thrown [s\src\hotspot\share\interpreter\linkResolver.cpp, line 840]
Event: 2870.467 Thread 0x000001eec582d160 Exception <a 'sun/nio/fs/WindowsException'{0x00000000d5623698}> (0x00000000d5623698) 
thrown [s\src\hotspot\share\prims\jni.cpp, line 520]
Event: 2870.558 Thread 0x000001eec582d160 Exception <a 'sun/nio/fs/WindowsException'{0x00000000d56bc288}> (0x00000000d56bc288) 
thrown [s\src\hotspot\share\prims\jni.cpp, line 520]
Event: 2872.273 Thread 0x000001eec582d160 Exception <a 'sun/nio/fs/WindowsException'{0x00000000d5772cf0}> (0x00000000d5772cf0) 
thrown [s\src\hotspot\share\prims\jni.cpp, line 520]
Event: 2872.366 Thread 0x000001eec582d160 Exception <a 'sun/nio/fs/WindowsException'{0x00000000d56ee8c8}> (0x00000000d56ee8c8) 
thrown [s\src\hotspot\share\prims\jni.cpp, line 520]
Event: 2873.957 Thread 0x000001eec582d160 Exception <a 'sun/nio/fs/WindowsException'{0x00000000d56d59f0}> (0x00000000d56d59f0) 
thrown [s\src\hotspot\share\prims\jni.cpp, line 520]
Event: 2874.051 Thread 0x000001eec582d160 Exception <a 'sun/nio/fs/WindowsException'{0x00000000d55877e8}> (0x00000000d55877e8) 
thrown [s\src\hotspot\share\prims\jni.cpp, line 520]
Event: 2901.791 Thread 0x000001eec66b1160 Exception <a 'java/lang/ArrayIndexOutOfBoundsException'{0x00000000d569a720}> (0x00000000d569a720) 
thrown [s\src\hotspot\share\runtime\sharedRuntime.cpp, line 625]
Event: 2902.232 Thread 0x000001eec6437900 Exception <a 'java/lang/ArrayIndexOutOfBoundsException'{0x00000000d576db78}> (0x00000000d576db78) 
thrown [s\src\hotspot\share\runtime\sharedRuntime.cpp, line 625]
Event: 2902.580 Thread 0x000001eec804c110 Exception <a 'java/lang/ArrayIndexOutOfBoundsException'{0x00000000d561e340}> (0x00000000d561e340) 
thrown [s\src\hotspot\share\runtime\sharedRuntime.cpp, line 625]
Event: 2902.583 Thread 0x000001eec804c110 Exception <a 'java/lang/ArrayIndexOutOfBoundsException'{0x00000000d5689530}> (0x00000000d5689530) 
thrown [s\src\hotspot\share\runtime\sharedRuntime.cpp, line 625]
Event: 2904.068 Thread 0x000001eec582d160 Exception <a 'sun/nio/fs/WindowsException'{0x00000000d55ab1d0}> (0x00000000d55ab1d0) 
thrown [s\src\hotspot\share\prims\jni.cpp, line 520]
Event: 2904.230 Thread 0x000001eec582d160 Exception <a 'sun/nio/fs/WindowsException'{0x00000000d560b938}> (0x00000000d560b938) 
thrown [s\src\hotspot\share\prims\jni.cpp, line 520]

ZGC Phase Switch (0 events):
No events

VM Operations (20 events):
Event: 4690.036 Executing VM operation: RendezvousGCThreads
Event: 4690.036 Executing VM operation: RendezvousGCThreads done
Event: 4750.256 Executing VM operation: HandshakeAllThreads (HandshakeForDeflation)
Event: 4750.257 Executing VM operation: HandshakeAllThreads (HandshakeForDeflation) done
Event: 4750.257 Executing VM operation: RendezvousGCThreads
Event: 4750.257 Executing VM operation: RendezvousGCThreads done
Event: 4853.250 Executing VM operation: Cleanup
Event: 4853.250 Executing VM operation: Cleanup done
Event: 4870.635 Executing VM operation: HandshakeAllThreads (HandshakeForDeflation)
Event: 4870.635 Executing VM operation: HandshakeAllThreads (HandshakeForDeflation) done
Event: 4870.635 Executing VM operation: RendezvousGCThreads
Event: 4870.635 Executing VM operation: RendezvousGCThreads done
Event: 4930.772 Executing VM operation: HandshakeAllThreads (HandshakeForDeflation)
Event: 4930.772 Executing VM operation: HandshakeAllThreads (HandshakeForDeflation) done
Event: 4930.772 Executing VM operation: RendezvousGCThreads
Event: 4930.772 Executing VM operation: RendezvousGCThreads done
Event: 4990.912 Executing VM operation: HandshakeAllThreads (HandshakeForDeflation)
Event: 4990.912 Executing VM operation: HandshakeAllThreads (HandshakeForDeflation) done
Event: 4990.912 Executing VM operation: RendezvousGCThreads
Event: 4990.912 Executing VM operation: RendezvousGCThreads done

Memory protections (0 events):
No events

Nmethod flushes (20 events):
Event: 64.011 Thread 0x000001eee5ca48b0 flushing  nmethod 0x000001eee978a490
Event: 64.011 Thread 0x000001eee5ca48b0 flushing  nmethod 0x000001eee9790f10
Event: 64.011 Thread 0x000001eee5ca48b0 flushing  nmethod 0x000001eee9794990
Event: 64.011 Thread 0x000001eee5ca48b0 flushing  nmethod 0x000001eee97acd10
Event: 64.011 Thread 0x000001eee5ca48b0 flushing  nmethod 0x000001eee97adc90
Event: 64.011 Thread 0x000001eee5ca48b0 flushing  nmethod 0x000001eee97b1510
Event: 64.011 Thread 0x000001eee5ca48b0 flushing  nmethod 0x000001eee97b1c10
Event: 64.011 Thread 0x000001eee5ca48b0 flushing  nmethod 0x000001eee97b2b10
Event: 64.011 Thread 0x000001eee5ca48b0 flushing  nmethod 0x000001eee97b3710
Event: 64.011 Thread 0x000001eee5ca48b0 flushing  nmethod 0x000001eee97b3b90
Event: 64.011 Thread 0x000001eee5ca48b0 flushing  nmethod 0x000001eee97b4c90
Event: 64.011 Thread 0x000001eee5ca48b0 flushing  nmethod 0x000001eee97d1c10
Event: 64.011 Thread 0x000001eee5ca48b0 flushing  nmethod 0x000001eee97d3410
Event: 64.011 Thread 0x000001eee5ca48b0 flushing  nmethod 0x000001eee97ece10
Event: 64.011 Thread 0x000001eee5ca48b0 flushing  nmethod 0x000001eee97fd610
Event: 64.011 Thread 0x000001eee5ca48b0 flushing  nmethod 0x000001eee9801410
Event: 64.011 Thread 0x000001eee5ca48b0 flushing  nmethod 0x000001eee9845190
Event: 64.011 Thread 0x000001eee5ca48b0 flushing  nmethod 0x000001eee9846c90
Event: 64.011 Thread 0x000001eee5ca48b0 flushing  nmethod 0x000001eee9853210
Event: 64.011 Thread 0x000001eee5ca48b0 flushing  nmethod 0x000001eee9854c90

Events (20 events):
Event: 3046.630 Thread 0x000001eec64399d0 Thread exited: 0x000001eec64399d0
Event: 3046.630 Thread 0x000001eec6436550 Thread exited: 0x000001eec6436550
Event: 3096.358 Thread 0x000001eec66b4c70 Thread exited: 0x000001eec66b4c70
Event: 3098.603 Thread 0x000001eec66b5300 Thread exited: 0x000001eec66b5300
Event: 3100.039 Thread 0x000001eec66b17f0 Thread exited: 0x000001eec66b17f0
Event: 3101.333 Thread 0x000001eec66b5990 Thread exited: 0x000001eec66b5990
Event: 3107.782 Thread 0x000001eec582de80 Thread exited: 0x000001eec582de80
Event: 3111.905 Thread 0x000001eec582e510 Thread exited: 0x000001eec582e510
Event: 3160.045 Thread 0x000001eec66b7a60 Thread exited: 0x000001eec66b7a60
Event: 3163.474 Thread 0x000001eec80499b0 Thread exited: 0x000001eec80499b0
Event: 3170.536 Thread 0x000001eec6437270 Thread exited: 0x000001eec6437270
Event: 3172.351 Thread 0x000001eec6438620 Thread exited: 0x000001eec6438620
Event: 3174.035 Thread 0x000001eec66b38c0 Thread exited: 0x000001eec66b38c0
Event: 3204.146 Thread 0x000001eec66b6d40 Thread exited: 0x000001eec66b6d40
Event: 3220.045 Thread 0x000001eec6437f90 Thread exited: 0x000001eec6437f90
Event: 3280.047 Thread 0x000001eec66b80f0 Thread exited: 0x000001eec66b80f0
Event: 4066.784 Thread 0x000001eec804c110 Thread added: 0x000001eec6437900
Event: 4091.876 Thread 0x000001eec6437900 Thread added: 0x000001eec6437f90
Event: 4151.922 Thread 0x000001eec6437900 Thread exited: 0x000001eec6437900
Event: 4211.933 Thread 0x000001eec6437f90 Thread exited: 0x000001eec6437f90


Dynamic libraries:
0x00007ff6859f0000 - 0x00007ff6859fe000 	c:\Users\HP\.vscode\extensions\redhat.java-1.52.0-win32-x64\jre\21.0.9-win32-x86_64\bin\java.exe
0x00007ffd38580000 - 0x00007ffd387e8000 	C:\WINDOWS\SYSTEM32\ntdll.dll
0x00007ffd36bf0000 - 0x00007ffd36cb9000 	C:\WINDOWS\System32\KERNEL32.DLL
0x00007ffd34e60000 - 0x00007ffd35251000 	C:\WINDOWS\System32\KERNELBASE.dll
0x00007ffd35320000 - 0x00007ffd3546b000 	C:\WINDOWS\System32\ucrtbase.dll
0x00007ffd06340000 - 0x00007ffd06358000 	c:\Users\HP\.vscode\extensions\redhat.java-1.52.0-win32-x64\jre\21.0.9-win32-x86_64\bin\jli.dll
0x00007ffd37a90000 - 0x00007ffd37c56000 	C:\WINDOWS\System32\USER32.dll
0x00007ffd35470000 - 0x00007ffd35497000 	C:\WINDOWS\System32\win32u.dll
0x00007ffd37c60000 - 0x00007ffd37c8b000 	C:\WINDOWS\System32\GDI32.dll
0x00007ffd064a0000 - 0x00007ffd064be000 	c:\Users\HP\.vscode\extensions\redhat.java-1.52.0-win32-x64\jre\21.0.9-win32-x86_64\bin\VCRUNTIME140.dll
0x00007ffd35f40000 - 0x00007ffd3606b000 	C:\WINDOWS\System32\gdi32full.dll
0x00007ffd354a0000 - 0x00007ffd35543000 	C:\WINDOWS\System32\msvcp_win.dll
0x00007ffd16df0000 - 0x00007ffd17083000 	C:\WINDOWS\WinSxS\amd64_microsoft.windows.common-controls_6595b64144ccf1df_6.0.26100.7824_none_3e0870b2e3345462\COMCTL32.dll
0x00007ffd36320000 - 0x00007ffd363c9000 	C:\WINDOWS\System32\msvcrt.dll
0x00007ffd37a50000 - 0x00007ffd37a81000 	C:\WINDOWS\System32\IMM32.DLL
0x00007ffd24020000 - 0x00007ffd2402c000 	c:\Users\HP\.vscode\extensions\redhat.java-1.52.0-win32-x64\jre\21.0.9-win32-x86_64\bin\vcruntime140_1.dll
0x00007ffcf2c90000 - 0x00007ffcf2d1d000 	c:\Users\HP\.vscode\extensions\redhat.java-1.52.0-win32-x64\jre\21.0.9-win32-x86_64\bin\msvcp140.dll
0x00007ffc9b4f0000 - 0x00007ffc9c290000 	c:\Users\HP\.vscode\extensions\redhat.java-1.52.0-win32-x64\jre\21.0.9-win32-x86_64\bin\server\jvm.dll
0x00007ffd37ea0000 - 0x00007ffd37f54000 	C:\WINDOWS\System32\ADVAPI32.dll
0x00007ffd378a0000 - 0x00007ffd37946000 	C:\WINDOWS\System32\sechost.dll
0x00007ffd36450000 - 0x00007ffd36568000 	C:\WINDOWS\System32\RPCRT4.dll
0x00007ffd37f60000 - 0x00007ffd37fd4000 	C:\WINDOWS\System32\WS2_32.dll
0x00007ffd34cc0000 - 0x00007ffd34d1e000 	C:\WINDOWS\SYSTEM32\POWRPROF.dll
0x00007ffd2a540000 - 0x00007ffd2a575000 	C:\WINDOWS\SYSTEM32\WINMM.dll
0x00007ffd24490000 - 0x00007ffd2449b000 	C:\WINDOWS\SYSTEM32\VERSION.dll
0x00007ffd34ca0000 - 0x00007ffd34cb4000 	C:\WINDOWS\SYSTEM32\UMPDC.dll
0x00007ffd33c00000 - 0x00007ffd33c1b000 	C:\WINDOWS\SYSTEM32\kernel.appcore.dll
0x00007ffd17f10000 - 0x00007ffd17f1a000 	c:\Users\HP\.vscode\extensions\redhat.java-1.52.0-win32-x64\jre\21.0.9-win32-x86_64\bin\jimage.dll
0x00007ffd32d20000 - 0x00007ffd32f62000 	C:\WINDOWS\SYSTEM32\DBGHELP.DLL
0x00007ffd36cd0000 - 0x00007ffd37056000 	C:\WINDOWS\System32\combase.dll
0x00007ffd37060000 - 0x00007ffd37137000 	C:\WINDOWS\System32\OLEAUT32.dll
0x00007ffd14f50000 - 0x00007ffd14f8b000 	C:\WINDOWS\SYSTEM32\dbgcore.DLL
0x00007ffd36270000 - 0x00007ffd36315000 	C:\WINDOWS\System32\bcryptPrimitives.dll
0x00007ffd13bf0000 - 0x00007ffd13bff000 	c:\Users\HP\.vscode\extensions\redhat.java-1.52.0-win32-x64\jre\21.0.9-win32-x86_64\bin\instrument.dll
0x00007ffcfcad0000 - 0x00007ffcfcaf0000 	c:\Users\HP\.vscode\extensions\redhat.java-1.52.0-win32-x64\jre\21.0.9-win32-x86_64\bin\java.dll
0x00007ffd37140000 - 0x00007ffd37892000 	C:\WINDOWS\System32\SHELL32.dll
0x00007ffd36100000 - 0x00007ffd3626a000 	C:\WINDOWS\System32\wintypes.dll
0x00007ffd356d0000 - 0x00007ffd35f33000 	C:\WINDOWS\System32\windows.storage.dll
0x00007ffd365e0000 - 0x00007ffd366d6000 	C:\WINDOWS\System32\SHCORE.dll
0x00007ffd363d0000 - 0x00007ffd36437000 	C:\WINDOWS\System32\shlwapi.dll
0x00007ffd34d80000 - 0x00007ffd34da9000 	C:\WINDOWS\SYSTEM32\profapi.dll
0x00007ffcfc2b0000 - 0x00007ffcfc2c8000 	c:\Users\HP\.vscode\extensions\redhat.java-1.52.0-win32-x64\jre\21.0.9-win32-x86_64\bin\zip.dll
0x00007ffd12240000 - 0x00007ffd12250000 	C:\Users\HP\.vscode\extensions\redhat.java-1.52.0-win32-x64\jre\21.0.9-win32-x86_64\bin\net.dll
0x00007ffd2a220000 - 0x00007ffd2a347000 	C:\WINDOWS\SYSTEM32\WINHTTP.dll
0x00007ffd34170000 - 0x00007ffd341db000 	C:\WINDOWS\system32\mswsock.dll
0x00007ffcfbd60000 - 0x00007ffcfbd76000 	C:\Users\HP\.vscode\extensions\redhat.java-1.52.0-win32-x64\jre\21.0.9-win32-x86_64\bin\nio.dll
0x00007ffd12210000 - 0x00007ffd12220000 	c:\Users\HP\.vscode\extensions\redhat.java-1.52.0-win32-x64\jre\21.0.9-win32-x86_64\bin\verify.dll
0x00007ffcf6010000 - 0x00007ffcf6055000 	C:\Users\HP\AppData\Roaming\Code\User\globalStorage\redhat.java\1.52.0\config_win\org.eclipse.equinox.launcher\org.eclipse.equinox.launcher.win32.win32.x86_64_1.2.1500.v20260121-1430\eclipse_11919.dll
0x00007ffd369b0000 - 0x00007ffd36b47000 	C:\WINDOWS\System32\ole32.dll
0x00007ffd34440000 - 0x00007ffd3445b000 	C:\WINDOWS\SYSTEM32\CRYPTSP.dll
0x00007ffd33b60000 - 0x00007ffd33b99000 	C:\WINDOWS\system32\rsaenh.dll
0x00007ffd34220000 - 0x00007ffd3424b000 	C:\WINDOWS\SYSTEM32\USERENV.dll
0x00007ffd34d50000 - 0x00007ffd34d7a000 	C:\WINDOWS\SYSTEM32\bcrypt.dll
0x00007ffd34460000 - 0x00007ffd3446c000 	C:\WINDOWS\SYSTEM32\CRYPTBASE.dll
0x00007ffd33650000 - 0x00007ffd33684000 	C:\WINDOWS\SYSTEM32\IPHLPAPI.DLL
0x00007ffd36440000 - 0x00007ffd3644a000 	C:\WINDOWS\System32\NSI.dll
0x00007ffcef7c0000 - 0x00007ffcef809000 	C:\Users\HP\AppData\Local\Temp\jna-2312\jna15695999786174248853.dll
0x00007ffd36cc0000 - 0x00007ffd36cc8000 	C:\WINDOWS\System32\PSAPI.DLL
0x00007ffd2a4c0000 - 0x00007ffd2a4de000 	C:\WINDOWS\SYSTEM32\dhcpcsvc6.DLL
0x00007ffd2a410000 - 0x00007ffd2a433000 	C:\WINDOWS\SYSTEM32\dhcpcsvc.DLL

JVMTI agents:
c:\Users\HP\.vscode\extensions\redhat.java-1.52.0-win32-x64\lombok\lombok-1.18.39-4050.jar path:c:\Users\HP\.vscode\extensions\redhat.java-1.52.0-win32-x64\jre\21.0.9-win32-x86_64\bin\instrument.dll, loaded, initialized, instrumentlib options:none

dbghelp: loaded successfully - version: 4.0.5 - missing functions: none
symbol engine: initialized successfully - sym options: 0x614 - pdb path: .;c:\Users\HP\.vscode\extensions\redhat.java-1.52.0-win32-x64\jre\21.0.9-win32-x86_64\bin;C:\WINDOWS\SYSTEM32;C:\WINDOWS\WinSxS\amd64_microsoft.windows.common-controls_6595b64144ccf1df_6.0.26100.7824_none_3e0870b2e3345462;c:\Users\HP\.vscode\extensions\redhat.java-1.52.0-win32-x64\jre\21.0.9-win32-x86_64\bin\server;C:\Users\HP\AppData\Roaming\Code\User\globalStorage\redhat.java\1.52.0\config_win\org.eclipse.equinox.launcher\org.eclipse.equinox.launcher.win32.win32.x86_64_1.2.1500.v20260121-1430;C:\Users\HP\AppData\Local\Temp\jna-2312

VM Arguments:
jvm_args: --add-modules=ALL-SYSTEM --add-opens=java.base/java.util=ALL-UNNAMED --add-opens=java.base/java.lang=ALL-UNNAMED --add-opens=java.base/sun.nio.fs=ALL-UNNAMED -Declipse.application=org.eclipse.jdt.ls.core.id1 -Dosgi.bundles.defaultStartLevel=4 -Declipse.product=org.eclipse.jdt.ls.core.product -Djava.import.generatesMetadataFilesAtProjectRoot=false -DDetectVMInstallationsJob.disabled=true -Dfile.encoding=utf8 -XX:+UseParallelGC -XX:GCTimeRatio=4 -XX:AdaptiveSizePolicyWeight=90 -Dsun.zip.disableMemoryMapping=true -Xmx2G -Xms100m -Xlog:disable -javaagent:c:\Users\HP\.vscode\extensions\redhat.java-1.52.0-win32-x64\lombok\lombok-1.18.39-4050.jar -XX:+HeapDumpOnOutOfMemoryError -XX:HeapDumpPath=c:\Users\HP\AppData\Roaming\Code\User\workspaceStorage\8ccf92e95d8589778ddb3e5e482fa078\redhat.java -Daether.dependencyCollector.impl=bf 
java_command: c:\Users\HP\.vscode\extensions\redhat.java-1.52.0-win32-x64\server\plugins\org.eclipse.equinox.launcher_1.7.100.v20251111-0406.jar -configuration c:\Users\HP\AppData\Roaming\Code\User\globalStorage\redhat.java\1.52.0\config_win -data c:\Users\HP\AppData\Roaming\Code\User\workspaceStorage\8ccf92e95d8589778ddb3e5e482fa078\redhat.java\jdt_ws --pipe=\\.\pipe\lsp-7ddbe20a7e8e68c674d75ad10e7baec9-sock
java_class_path (initial): c:\Users\HP\.vscode\extensions\redhat.java-1.52.0-win32-x64\server\plugins\org.eclipse.equinox.launcher_1.7.100.v20251111-0406.jar
Launcher Type: SUN_STANDARD

[Global flags]
    uintx AdaptiveSizePolicyWeight                 = 90                                        {product} {command line}
     intx CICompilerCount                          = 4                                         {product} {ergonomic}
    uintx GCTimeRatio                              = 4                                         {product} {command line}
     bool HeapDumpOnOutOfMemoryError               = true                                   {manageable} {command line}
    ccstr HeapDumpPath                             = c:\Users\HP\AppData\Roaming\Code\User\workspaceStorage\8ccf92e95d8589778ddb3e5e482fa078\redhat.java         {manageable} {command line}
   size_t InitialHeapSize                          = 104857600                                 {product} {command line}
   size_t MaxHeapSize                              = 2147483648                                {product} {command line}
   size_t MaxNewSize                               = 715653120                                 {product} {ergonomic}
   size_t MinHeapDeltaBytes                        = 524288                                    {product} {ergonomic}
   size_t MinHeapSize                              = 104857600                                 {product} {command line}
   size_t NewSize                                  = 34603008                                  {product} {ergonomic}
    uintx NonNMethodCodeHeapSize                   = 5839372                                {pd product} {ergonomic}
    uintx NonProfiledCodeHeapSize                  = 122909434                              {pd product} {ergonomic}
   size_t OldSize                                  = 70254592                                  {product} {ergonomic}
    uintx ProfiledCodeHeapSize                     = 122909434                              {pd product} {ergonomic}
    uintx ReservedCodeCacheSize                    = 251658240                              {pd product} {ergonomic}
     bool SegmentedCodeCache                       = true                                      {product} {ergonomic}
   size_t SoftMaxHeapSize                          = 2147483648                             {manageable} {ergonomic}
     bool UseCompressedOops                        = true                           {product lp64_product} {ergonomic}
     bool UseLargePagesIndividualAllocation        = false                                  {pd product} {ergonomic}
     bool UseParallelGC                            = true                                      {product} {command line}

Logging:
Log output configuration:
 #0: stdout all=off uptime,level,tags foldmultilines=false
 #1: stderr all=off uptime,level,tags foldmultilines=false

Release file:
JAVA_VERSION="21.0.9" 
MODULES="java.base java.compiler java.datatransfer java.xml java.prefs java.desktop java.instrument java.logging java.management java.security.sasl java.naming java.rmi java.management.rmi java.net.http java.scripting java.security.jgss java.transaction.xa java.sql java.sql.rowset java.xml.crypto java.se java.smartcardio jdk.accessibility jdk.internal.jvmstat jdk.attach jdk.charsets jdk.internal.opt jdk.zipfs jdk.compiler jdk.crypto.ec jdk.crypto.cryptoki jdk.crypto.mscapi jdk.dynalink jdk.internal.ed jdk.editpad jdk.hotspot.agent jdk.httpserver jdk.internal.le jdk.internal.vm.ci jdk.internal.vm.compiler jdk.internal.vm.compiler.management jdk.jartool jdk.javadoc jdk.jcmd jdk.management jdk.management.agent jdk.jconsole jdk.jdeps jdk.jdwp.agent jdk.jdi jdk.jfr jdk.jshell jdk.jsobject jdk.jstatd jdk.localedata jdk.management.jfr jdk.naming.dns jdk.naming.rmi jdk.net jdk.nio.mapmode jdk.random jdk.sctp jdk.security.auth jdk.security.jgss jdk.unsupported jdk.unsupported.desktop jdk.xml.dom" 

Environment Variables:
PATH=C:\Python313\Scripts\;C:\Python313\;C:\Program Files\Python312\Scripts\;C:\Program Files\Python312\;F:\VMware-Workstation-pro\bin\;C:\Program Files\Common Files\Oracle\Java\javapath;C:\WINDOWS\system32;C:\WINDOWS;C:\WINDOWS\System32\Wbem;C:\WINDOWS\System32\WindowsPowerShell\v1.0\;C:\WINDOWS\System32\OpenSSH\;E:\bin;C:\MinGW\bin;C:\Program Files\Java\jdk-21\bin;C:\ProgramData\chocolatey\bin;C:\Users\HP\AppData\Local\Android\Sdk;C:\Users\HP\AppData\Local\Android\Sdk\platform-tools;C:\Users\HP\AppData\Roaming\Python\Python312\site-packages;F:\react native\nodejs;C:\Program Files\nodejs\;C:\Program Files\Docker\Docker\resources\bin;F:\SOFTWARES\bin;C:\Program Files\dotnet\;C:\Program Files\Git\cmd;C:\Program Files\Git\mingw64\bin;C:\Program Files\Git\usr\bin;C:\Program Files\terraform\terraform.exe;C:\Program Files\terraform\;C:\Program Files\Amazon\AWSCLIV2\;C:\Program Files\Tailscale\;F:\anaconda3;F:\anaconda3\Library\mingw-w64\bin;F:\anaconda3\Library\usr\bin;F:\anaconda3\Library\bin;F:\anaconda3\Scripts;C:\Users\HP\AppData\Local\Microsoft\WindowsApps;C:\Users\HP\AppData\Local\Programs\Microsoft VS Code\bin;C:\Users\HP\AppData\Local\Android\Sdk;C:\Users\HP\AppData\Local\Android\Sdk\platform-tools;C:\Users\HP\AppData\Local\Android\Sdk\emulator;C:\Users\HP\AppData\Local\Android\Sdk\tools;C:\Users\HP\AppData\Local\Android\Sdk\tools\bin;C:\Users\HP\AppData\Roaming\npm;F:\Softwares\Antigravity\bin
USERNAME=HP
OS=Windows_NT
PROCESSOR_IDENTIFIER=Intel64 Family 6 Model 186 Stepping 3, GenuineIntel
TMP=C:\Users\HP\AppData\Local\Temp
TEMP=C:\Users\HP\AppData\Local\Temp




Periodic native trim disabled

---------------  S Y S T E M  ---------------

OS:
 Windows 11 , 64 bit Build 26100 (10.0.26100.7705)
OS uptime: 0 days 15:04 hours
Hyper-V role detected

CPU: total 12 (initial active 12) (6 cores per cpu, 2 threads per core) family 6 model 186 stepping 3 microcode 0x4128, cx8, cmov, fxsr, ht, mmx, 3dnowpref, sse, sse2, sse3, ssse3, sse4.1, sse4.2, popcnt, lzcnt, tsc, tscinvbit, avx, avx2, aes, erms, clmul, bmi1, bmi2, adx, sha, fma, vzeroupper, clflush, clflushopt, clwb, hv, serialize, rdtscp, rdpid, fsrm, f16c, cet_ibt, cet_ss
Processor Information for processor 0
  Max Mhz: 1700, Current Mhz: 1700, Mhz Limit: 1700
Processor Information for processor 1
  Max Mhz: 1700, Current Mhz: 1700, Mhz Limit: 1700
Processor Information for processor 2
  Max Mhz: 1700, Current Mhz: 1700, Mhz Limit: 1700
Processor Information for processor 3
  Max Mhz: 1700, Current Mhz: 1700, Mhz Limit: 1700
Processor Information for processor 4
  Max Mhz: 1700, Current Mhz: 1200, Mhz Limit: 1190
Processor Information for processor 5
  Max Mhz: 1700, Current Mhz: 1200, Mhz Limit: 1190
Processor Information for processor 6
  Max Mhz: 1700, Current Mhz: 1200, Mhz Limit: 1190
Processor Information for processor 7
  Max Mhz: 1700, Current Mhz: 1200, Mhz Limit: 1190
Processor Information for processor 8
  Max Mhz: 1700, Current Mhz: 1200, Mhz Limit: 1190
Processor Information for processor 9
  Max Mhz: 1700, Current Mhz: 1200, Mhz Limit: 1190
Processor Information for processor 10
  Max Mhz: 1700, Current Mhz: 1200, Mhz Limit: 1190
Processor Information for processor 11
  Max Mhz: 1700, Current Mhz: 1200, Mhz Limit: 1190

Memory: 4k page, system-wide physical 16095M (843M free)
TotalPageFile size 21215M (AvailPageFile size 18M)
current process WorkingSet (physical memory assigned to process): 254M, peak: 481M
current process commit charge ("private bytes"): 600M, peak: 603M

vm_info: OpenJDK 64-Bit Server VM (21.0.9+10-LTS) for windows-amd64 JRE (21.0.9+10-LTS), built on 2025-10-21T00:00:00Z by "admin" with unknown MS VC++:1942

END.
