#
# There is insufficient memory for the Java Runtime Environment to continue.
# Native memory allocation (malloc) failed to allocate 1048576 bytes. Error detail: AllocateHeap
# Possible reasons:
#   The system is out of physical RAM or swap space
#   This process is running with CompressedOops enabled, and the Java Heap may be blocking the growth of the native heap
# Possible solutions:
#   Reduce memory load on the system
#   Increase physical memory or swap space
#   Check if swap backing store is full
#   Decrease Java heap size (-Xmx/-Xms)
#   Decrease number of Java threads
#   Decrease Java thread stack sizes (-Xss)
#   Set larger code cache with -XX:ReservedCodeCacheSize=
#   JVM is running with Unscaled Compressed Oops mode in which the Java heap is
#     placed in the first 4GB address space. The Java Heap base address is the
#     maximum limit for the native heap growth. Please use -XX:HeapBaseMinAddress
#     to set the Java Heap base and to place the Java Heap above 4GB virtual address.
# This output file may be truncated or incomplete.
#
#  Out of Memory Error (allocation.cpp:44), pid=11516, tid=14244
#
# JRE version: OpenJDK Runtime Environment Temurin-21.0.11+10 (21.0.11+10) (build 21.0.11+10-LTS)
# Java VM: OpenJDK 64-Bit Server VM Temurin-21.0.11+10 (21.0.11+10-LTS, mixed mode, sharing, tiered, compressed oops, compressed class ptrs, parallel gc, windows-amd64)
# No core dump will be written. Minidumps are not enabled by default on client versions of Windows
#

---------------  S U M M A R Y ------------

Command Line: --add-modules=ALL-SYSTEM --add-opens=java.base/java.util=ALL-UNNAMED --add-opens=java.base/java.lang=ALL-UNNAMED --add-opens=java.base/sun.nio.fs=ALL-UNNAMED -Declipse.application=org.eclipse.jdt.ls.core.id1 -Dosgi.bundles.defaultStartLevel=4 -Declipse.product=org.eclipse.jdt.ls.core.product -Djava.import.generatesMetadataFilesAtProjectRoot=false -DDetectVMInstallationsJob.disabled=true -Dfile.encoding=utf8 -XX:+UseParallelGC -XX:GCTimeRatio=4 -XX:AdaptiveSizePolicyWeight=90 -Dsun.zip.disableMemoryMapping=true -Xmx2G -Xms100m -Xlog:disable -javaagent:c:\Users\HP\.vscode\extensions\redhat.java-1.55.0-win32-x64\lombok\lombok-1.18.39-4050.jar -XX:+HeapDumpOnOutOfMemoryError -XX:HeapDumpPath=c:\Users\HP\AppData\Roaming\Code\User\workspaceStorage\8ccf92e95d8589778ddb3e5e482fa078\redhat.java -Daether.dependencyCollector.impl=bf c:\Users\HP\.vscode\extensions\redhat.java-1.55.0-win32-x64\server\plugins\org.eclipse.equinox.launcher_1.7.200.v20260619-2039.jar -configuration c:\Users\HP\AppData\Roaming\Code\User\globalStorage\redhat.java\1.55.0\config_win -data c:\Users\HP\AppData\Roaming\Code\User\workspaceStorage\8ccf92e95d8589778ddb3e5e482fa078\redhat.java\jdt_ws --pipe=\\.\pipe\lsp-2fe146377decbbfb581792b52f91e6e8-sock

Host: 13th Gen Intel(R) Core(TM) i7-1355U, 12 cores, 15G,  Windows 11 , 64 bit Build 26100 (10.0.26100.8521)
Time: Tue Jul 14 15:33:10 2026 India Standard Time elapsed time: 270.948041 seconds (0d 0h 4m 30s)

---------------  T H R E A D  ---------------

Current thread (0x000002217e844fa0):  JavaThread "Attach Listener" daemon [_thread_in_vm, id=14244, stack(0x000000f273a00000,0x000000f273b00000) (1024K)]

Stack: [0x000000f273a00000,0x000000f273b00000]
Native frames: (J=compiled Java code, j=interpreted, Vv=VM code, C=native code)
V  [jvm.dll+0x6d7e19]
V  [jvm.dll+0x8b5096]
V  [jvm.dll+0x8b764e]
V  [jvm.dll+0x8b7d33]
V  [jvm.dll+0x284596]
V  [jvm.dll+0xc13c7]
V  [jvm.dll+0x6d86c9]
V  [jvm.dll+0x133616]
V  [jvm.dll+0x3f868e]
V  [jvm.dll+0x85fb0d]
V  [jvm.dll+0x6d664d]
C  [ucrtbase.dll+0x2cd30]
C  [KERNEL32.DLL+0x2e957]
C  [ntdll.dll+0x87c1c]


---------------  P R O C E S S  ---------------

Threads class SMR info:
_java_thread_list=0x00000221672dc4e0, length=76, elements={
0x000002217adb07a0, 0x000002217e8393c0, 0x000002217ae5e680, 0x000002217e842530,
0x000002217e844fa0, 0x000002217e847a10, 0x000002217e848470, 0x000002217e8492b0,
0x000002217fbca390, 0x000002217fdb4c20, 0x000002217fedcb20, 0x0000022159743e40,
0x00000221599b02b0, 0x00000221599b2380, 0x00000221599b0940, 0x00000221599aef00,
0x00000221599af590, 0x00000221599afc20, 0x00000221599b1cf0, 0x00000221599b0fd0,
0x0000022159f4a000, 0x0000022159f4a690, 0x0000022159f48c50, 0x0000022159f485c0,
0x0000022159f47f30, 0x0000022159f4db10, 0x0000022159f4d480, 0x0000022159f4b3b0,
0x0000022159f4cdf0, 0x0000022159f4e1a0, 0x0000022159f4e830, 0x0000022159f4eec0,
0x0000022159f4c0d0, 0x0000022159f4ba40, 0x0000022159f4f550, 0x0000022159f4c760,
0x000002215a7732e0, 0x000002215a7725c0, 0x000002215a7704f0, 0x000002215a771210,
0x000002215a76fe60, 0x000002215a772c50, 0x000002215a771f30, 0x000002215a773970,
0x000002215a7718a0, 0x000002215a777480, 0x000002215a7753b0, 0x000002215a775a40,
0x000002215a776760, 0x000002215a774000, 0x000002215b10cf10, 0x000002215b10c1f0,
0x000002215b10bb60, 0x000002215b10a7b0, 0x000002215b10ae40, 0x000002215b10c880,
0x000002215b10e2c0, 0x000002215b10e950, 0x000002215b10b4d0, 0x000002215b110a20,
0x000002215b10dc30, 0x000002215b10efe0, 0x000002215b10fd00, 0x000002215b111dd0,
0x000002215c16e240, 0x000002215c16d520, 0x000002215c16ef60, 0x000002215c16dbb0,
0x000002215c16fc80, 0x000002215c16e8d0, 0x000002215c16f5f0, 0x000002215c16c800,
0x000002215c16ce90, 0x000002215c1716c0, 0x000002215c1723e0, 0x000002215c1709a0
}

Java Threads: ( => current thread )
  0x000002217adb07a0 JavaThread "main"                              [_thread_blocked, id=20732, stack(0x000000f273300000,0x000000f273400000) (1024K)]
  0x000002217e8393c0 JavaThread "Reference Handler"          daemon [_thread_blocked, id=5076, stack(0x000000f273700000,0x000000f273800000) (1024K)]
  0x000002217ae5e680 JavaThread "Finalizer"                  daemon [_thread_blocked, id=5536, stack(0x000000f273800000,0x000000f273900000) (1024K)]
  0x000002217e842530 JavaThread "Signal Dispatcher"          daemon [_thread_blocked, id=4912, stack(0x000000f273900000,0x000000f273a00000) (1024K)]
=>0x000002217e844fa0 JavaThread "Attach Listener"            daemon [_thread_in_vm, id=14244, stack(0x000000f273a00000,0x000000f273b00000) (1024K)]
  0x000002217e847a10 JavaThread "Service Thread"             daemon [_thread_blocked, id=24868, stack(0x000000f273b00000,0x000000f273c00000) (1024K)]
  0x000002217e848470 JavaThread "Monitor Deflation Thread"   daemon [_thread_blocked, id=1892, stack(0x000000f273c00000,0x000000f273d00000) (1024K)]
  0x000002217e8492b0 JavaThread "C2 CompilerThread0"         daemon [_thread_blocked, id=16400, stack(0x000000f273d00000,0x000000f273e00000) (1024K)]
  0x000002217fbca390 JavaThread "C1 CompilerThread0"         daemon [_thread_blocked, id=17828, stack(0x000000f273e00000,0x000000f273f00000) (1024K)]
  0x000002217fdb4c20 JavaThread "Common-Cleaner"             daemon [_thread_blocked, id=13892, stack(0x000000f273f00000,0x000000f274000000) (1024K)]
  0x000002217fedcb20 JavaThread "Notification Thread"        daemon [_thread_blocked, id=3928, stack(0x000000f274000000,0x000000f274100000) (1024K)]
  0x0000022159743e40 JavaThread "Active Thread: Equinox Container: f5f4d708-db71-48f5-8391-c710119421c4"        [_thread_blocked, id=18044, stack(0x000000f274f00000,0x000000f275000000) (1024K)]
  0x00000221599b02b0 JavaThread "Framework Event Dispatcher: Equinox Container: f5f4d708-db71-48f5-8391-c710119421c4" daemon [_thread_blocked, id=22764, stack(0x000000f274100000,0x000000f274200000) (1024K)]
  0x00000221599b2380 JavaThread "Start Level: Equinox Container: f5f4d708-db71-48f5-8391-c710119421c4" daemon [_thread_blocked, id=13476, stack(0x000000f274200000,0x000000f274300000) (1024K)]
  0x00000221599b0940 JavaThread "Bundle File Closer"         daemon [_thread_blocked, id=5532, stack(0x000000f274b00000,0x000000f274c00000) (1024K)]
  0x00000221599aef00 JavaThread "Refresh Thread: Equinox Container: f5f4d708-db71-48f5-8391-c710119421c4" daemon [_thread_blocked, id=12304, stack(0x000000f274c00000,0x000000f274d00000) (1024K)]
  0x00000221599af590 JavaThread "SCR Component Actor"        daemon [_thread_blocked, id=26968, stack(0x000000f274d00000,0x000000f274e00000) (1024K)]
  0x00000221599afc20 JavaThread "Worker-JM"                         [_thread_blocked, id=11008, stack(0x000000f274e00000,0x000000f274f00000) (1024K)]
  0x00000221599b1cf0 JavaThread "JNA Cleaner"                daemon [_thread_blocked, id=12904, stack(0x000000f275100000,0x000000f275200000) (1024K)]
  0x00000221599b0fd0 JavaThread "Worker-0"                          [_thread_blocked, id=21884, stack(0x000000f275200000,0x000000f275300000) (1024K)]
  0x0000022159f4a000 JavaThread "Java indexing"              daemon [_thread_blocked, id=4784, stack(0x000000f275500000,0x000000f275600000) (1024K)]
  0x0000022159f4a690 JavaThread "Worker-3"                          [_thread_blocked, id=18672, stack(0x000000f275600000,0x000000f275700000) (1024K)]
  0x0000022159f48c50 JavaThread "Thread-1"                   daemon [_thread_in_native, id=15308, stack(0x000000f275d00000,0x000000f275e00000) (1024K)]
  0x0000022159f485c0 JavaThread "Thread-2"                   daemon [_thread_in_native, id=23564, stack(0x000000f275e00000,0x000000f275f00000) (1024K)]
  0x0000022159f47f30 JavaThread "Thread-3"                   daemon [_thread_in_native, id=25988, stack(0x000000f275f00000,0x000000f276000000) (1024K)]
  0x0000022159f4db10 JavaThread "Thread-4"                   daemon [_thread_in_native, id=18576, stack(0x000000f276000000,0x000000f276100000) (1024K)]
  0x0000022159f4d480 JavaThread "Thread-5"                   daemon [_thread_in_native, id=11936, stack(0x000000f276100000,0x000000f276200000) (1024K)]
  0x0000022159f4b3b0 JavaThread "Thread-6"                   daemon [_thread_in_native, id=14124, stack(0x000000f276200000,0x000000f276300000) (1024K)]
  0x0000022159f4cdf0 JavaThread "Thread-7"                   daemon [_thread_in_native, id=22156, stack(0x000000f276300000,0x000000f276400000) (1024K)]
  0x0000022159f4e1a0 JavaThread "Thread-8"                   daemon [_thread_in_native, id=19684, stack(0x000000f276400000,0x000000f276500000) (1024K)]
  0x0000022159f4e830 JavaThread "Thread-9"                   daemon [_thread_in_native, id=27236, stack(0x000000f276500000,0x000000f276600000) (1024K)]
  0x0000022159f4eec0 JavaThread "Thread-10"                  daemon [_thread_in_native, id=26748, stack(0x000000f276600000,0x000000f276700000) (1024K)]
  0x0000022159f4c0d0 JavaThread "Thread-11"                  daemon [_thread_in_native, id=8724, stack(0x000000f276700000,0x000000f276800000) (1024K)]
  0x0000022159f4ba40 JavaThread "Thread-12"                  daemon [_thread_in_native, id=11100, stack(0x000000f276800000,0x000000f276900000) (1024K)]
  0x0000022159f4f550 JavaThread "Thread-13"                  daemon [_thread_in_native, id=18052, stack(0x000000f276900000,0x000000f276a00000) (1024K)]
  0x0000022159f4c760 JavaThread "pool-2-thread-1"                   [_thread_blocked, id=22908, stack(0x000000f276a00000,0x000000f276b00000) (1024K)]
  0x000002215a7732e0 JavaThread "WorkspaceEventsHandler"            [_thread_blocked, id=23064, stack(0x000000f276b00000,0x000000f276c00000) (1024K)]
  0x000002215a7725c0 JavaThread "pool-1-thread-1"                   [_thread_blocked, id=8304, stack(0x000000f276c00000,0x000000f276d00000) (1024K)]
  0x000002215a7704f0 JavaThread "PatternSearchJob-worker-1"  daemon [_thread_blocked, id=23100, stack(0x000000f276e00000,0x000000f276f00000) (1024K)]
  0x000002215a771210 JavaThread "PatternSearchJob-worker-2"  daemon [_thread_blocked, id=24708, stack(0x000000f276f00000,0x000000f277000000) (1024K)]
  0x000002215a76fe60 JavaThread "PatternSearchJob-worker-3"  daemon [_thread_blocked, id=1836, stack(0x000000f277000000,0x000000f277100000) (1024K)]
  0x000002215a772c50 JavaThread "LocalFile Deleter"          daemon [_thread_blocked, id=27044, stack(0x000000f277100000,0x000000f277200000) (1024K)]
  0x000002215a771f30 JavaThread "LocalFile Deleter"          daemon [_thread_blocked, id=24992, stack(0x000000f277200000,0x000000f277300000) (1024K)]
  0x000002215a773970 JavaThread "LocalFile Deleter"          daemon [_thread_blocked, id=11800, stack(0x000000f277300000,0x000000f277400000) (1024K)]
  0x000002215a7718a0 JavaThread "LocalFile Deleter"          daemon [_thread_blocked, id=27560, stack(0x000000f277400000,0x000000f277500000) (1024K)]
  0x000002215a777480 JavaThread "LocalFile Deleter"          daemon [_thread_blocked, id=12492, stack(0x000000f277600000,0x000000f277700000) (1024K)]
  0x000002215a7753b0 JavaThread "LocalFile Deleter"          daemon [_thread_blocked, id=20200, stack(0x000000f277700000,0x000000f277800000) (1024K)]
  0x000002215a775a40 JavaThread "LocalFile Deleter"          daemon [_thread_blocked, id=21300, stack(0x000000f277800000,0x000000f277900000) (1024K)]
  0x000002215a776760 JavaThread "LocalFile Deleter"          daemon [_thread_blocked, id=24352, stack(0x000000f277a00000,0x000000f277b00000) (1024K)]
  0x000002215a774000 JavaThread "LocalFile Deleter"          daemon [_thread_blocked, id=14960, stack(0x000000f277b00000,0x000000f277c00000) (1024K)]
  0x000002215b10cf10 JavaThread "Compiler Source File Reader" daemon [_thread_blocked, id=26596, stack(0x000000f277d00000,0x000000f277e00000) (1024K)]
  0x000002215b10c1f0 JavaThread "Compiler Source File Reader" daemon [_thread_blocked, id=20648, stack(0x000000f277e00000,0x000000f277f00000) (1024K)]
  0x000002215b10bb60 JavaThread "Compiler Source File Reader" daemon [_thread_blocked, id=10892, stack(0x000000f277f00000,0x000000f278000000) (1024K)]
  0x000002215b10a7b0 JavaThread "Compiler Source File Reader" daemon [_thread_blocked, id=22612, stack(0x000000f278000000,0x000000f278100000) (1024K)]
  0x000002215b10ae40 JavaThread "Compiler Source File Reader" daemon [_thread_blocked, id=12748, stack(0x000000f278100000,0x000000f278200000) (1024K)]
  0x000002215b10c880 JavaThread "Compiler Source File Reader" daemon [_thread_blocked, id=21552, stack(0x000000f278200000,0x000000f278300000) (1024K)]
  0x000002215b10e2c0 JavaThread "Compiler Source File Reader" daemon [_thread_blocked, id=13584, stack(0x000000f278300000,0x000000f278400000) (1024K)]
  0x000002215b10e950 JavaThread "Compiler Source File Reader" daemon [_thread_blocked, id=19688, stack(0x000000f278400000,0x000000f278500000) (1024K)]
  0x000002215b10b4d0 JavaThread "Compiler Source File Reader" daemon [_thread_blocked, id=11496, stack(0x000000f278500000,0x000000f278600000) (1024K)]
  0x000002215b110a20 JavaThread "Compiler Source File Reader" daemon [_thread_blocked, id=14872, stack(0x000000f278600000,0x000000f278700000) (1024K)]
  0x000002215b10dc30 JavaThread "ForkJoinPool.commonPool-worker-2" daemon [_thread_blocked, id=23788, stack(0x000000f278800000,0x000000f278900000) (1024K)]
  0x000002215b10efe0 JavaThread "Compiler Class File Writer" daemon [_thread_blocked, id=23176, stack(0x000000f278a00000,0x000000f278b00000) (1024K)]
  0x000002215b10fd00 JavaThread "Compiler Class File Writer" daemon [_thread_blocked, id=15056, stack(0x000000f278b00000,0x000000f278c00000) (1024K)]
  0x000002215b111dd0 JavaThread "Compiler Class File Writer" daemon [_thread_blocked, id=10256, stack(0x000000f278c00000,0x000000f278d00000) (1024K)]
  0x000002215c16e240 JavaThread "Compiler Class File Writer" daemon [_thread_blocked, id=1752, stack(0x000000f278d00000,0x000000f278e00000) (1024K)]
  0x000002215c16d520 JavaThread "Compiler Class File Writer" daemon [_thread_blocked, id=11708, stack(0x000000f278e00000,0x000000f278f00000) (1024K)]
  0x000002215c16ef60 JavaThread "Compiler Class File Writer" daemon [_thread_blocked, id=18368, stack(0x000000f278f00000,0x000000f279000000) (1024K)]
  0x000002215c16dbb0 JavaThread "Compiler Class File Writer" daemon [_thread_blocked, id=15708, stack(0x000000f279000000,0x000000f279100000) (1024K)]
  0x000002215c16fc80 JavaThread "Compiler Class File Writer" daemon [_thread_blocked, id=17860, stack(0x000000f279100000,0x000000f279200000) (1024K)]
  0x000002215c16e8d0 JavaThread "Compiler Class File Writer" daemon [_thread_blocked, id=24656, stack(0x000000f279200000,0x000000f279300000) (1024K)]
  0x000002215c16f5f0 JavaThread "Compiler Class File Writer" daemon [_thread_blocked, id=18056, stack(0x000000f279300000,0x000000f279400000) (1024K)]
  0x000002215c16c800 JavaThread "ForkJoinPool.commonPool-worker-3" daemon [_thread_blocked, id=4732, stack(0x000000f279400000,0x000000f279500000) (1024K)]
  0x000002215c16ce90 JavaThread "ForkJoinPool.commonPool-worker-4" daemon [_thread_blocked, id=25288, stack(0x000000f279500000,0x000000f279600000) (1024K)]
  0x000002215c1716c0 JavaThread "ForkJoinPool.commonPool-worker-7" daemon [_thread_blocked, id=11032, stack(0x000000f279800000,0x000000f279900000) (1024K)]
  0x000002215c1723e0 JavaThread "ForkJoinPool.commonPool-worker-8" daemon [_thread_blocked, id=17944, stack(0x000000f279900000,0x000000f279a00000) (1024K)]
  0x000002215c1709a0 JavaThread "Cleaner-0"                  daemon [_thread_blocked, id=24104, stack(0x000000f279a00000,0x000000f279b00000) (1024K)]
Total: 76

Other Threads:
  0x000002217ae446f0 VMThread "VM Thread"                           [id=1132, stack(0x000000f273600000,0x000000f273700000) (1024K)]
  0x000002217e72ca00 WatcherThread "VM Periodic Task Thread"        [id=19268, stack(0x000000f273500000,0x000000f273600000) (1024K)]
  0x000002217adc8da0 WorkerThread "GC Thread#0"                     [id=14156, stack(0x000000f273400000,0x000000f273500000) (1024K)]
  0x000002217ff2acf0 WorkerThread "GC Thread#1"                     [id=27564, stack(0x000000f274300000,0x000000f274400000) (1024K)]
  0x000002215969a3d0 WorkerThread "GC Thread#2"                     [id=9908, stack(0x000000f274400000,0x000000f274500000) (1024K)]
  0x00000221598198d0 WorkerThread "GC Thread#3"                     [id=4456, stack(0x000000f274500000,0x000000f274600000) (1024K)]
  0x00000221596e61f0 WorkerThread "GC Thread#4"                     [id=25540, stack(0x000000f274600000,0x000000f274700000) (1024K)]
  0x00000221596e65a0 WorkerThread "GC Thread#5"                     [id=18040, stack(0x000000f274700000,0x000000f274800000) (1024K)]
  0x000002215923dfd0 WorkerThread "GC Thread#6"                     [id=9504, stack(0x000000f274800000,0x000000f274900000) (1024K)]
  0x00000221597f8f00 WorkerThread "GC Thread#7"                     [id=13556, stack(0x000000f274900000,0x000000f274a00000) (1024K)]
  0x0000022159e87390 WorkerThread "GC Thread#8"                     [id=17116, stack(0x000000f275b00000,0x000000f275c00000) (1024K)]
  0x0000022159e87740 WorkerThread "GC Thread#9"                     [id=18680, stack(0x000000f275c00000,0x000000f275d00000) (1024K)]
Total: 12

Threads with active compile tasks:
Total: 0

VM state: not at safepoint (normal execution)

VM Mutex/Monitor currently owned by a thread: None

Heap address: 0x0000000080000000, size: 2048 MB, Compressed Oops mode: 32-bit

CDS archive(s) mapped at: [0x0000022113000000-0x0000022113ba0000-0x0000022113ba0000), size 12189696, SharedBaseAddress: 0x0000022113000000, ArchiveRelocationMode: 1.
Compressed class space mapped at: 0x0000022114000000-0x0000022154000000, reserved size: 1073741824
Narrow klass base: 0x0000022113000000, Narrow klass shift: 0, Narrow klass range: 0x100000000

GC Precious Log:
 CardTable entry size: 512
 CPUs: 12 total, 12 available
 Memory: 16095M
 Large Page Support: Disabled
 NUMA Support: Disabled
 Compressed Oops: Enabled (32-bit)
 Alignments: Space 512K, Generation 512K, Heap 2M
 Heap Min Capacity: 100M
 Heap Initial Capacity: 100M
 Heap Max Capacity: 2G
 Pre-touch: Disabled
 Parallel Workers: 10

Heap:
 PSYoungGen      total 3584K, used 3102K [0x00000000d5580000, 0x00000000d5a80000, 0x0000000100000000)
  eden space 3072K, 84% used [0x00000000d5580000,0x00000000d58079c0,0x00000000d5880000)
  from space 512K, 100% used [0x00000000d5980000,0x00000000d5a00000,0x00000000d5a00000)
  to   space 512K, 0% used [0x00000000d5a00000,0x00000000d5a00000,0x00000000d5a80000)
 ParOldGen       total 84992K, used 84857K [0x0000000080000000, 0x0000000085300000, 0x00000000d5580000)
  object space 84992K, 99% used [0x0000000080000000,0x00000000852de7f0,0x0000000085300000)
 Metaspace       used 73162K, committed 74624K, reserved 1179648K
  class space    used 7570K, committed 8192K, reserved 1048576K

Card table byte_map: [0x000002217a740000,0x000002217ab50000] _byte_map_base: 0x000002217a340000

Marking Bits: (ParMarkBitMap*) 0x00007ffd29864460
 Begin Bits: [0x000002210f000000, 0x0000022111000000)
 End Bits:   [0x0000022111000000, 0x0000022113000000)

Polling page: 0x0000022178c40000

Metaspace:

Usage:
  Non-class:     64.06 MB used.
      Class:      7.39 MB used.
       Both:     71.45 MB used.

Virtual space:
  Non-class space:      128.00 MB reserved,      64.88 MB ( 51%) committed,  2 nodes.
      Class space:        1.00 GB reserved,       8.00 MB ( <1%) committed,  1 nodes.
             Both:        1.12 GB reserved,      72.88 MB (  6%) committed. 

Chunk freelists:
   Non-Class:  14.56 MB
       Class:  8.03 MB
        Both:  22.59 MB

MaxMetaspaceSize: unlimited
CompressedClassSpaceSize: 1.00 GB
Initial GC threshold: 21.00 MB
Current GC threshold: 97.31 MB
CDS: on
 - commit_granule_bytes: 65536.
 - commit_granule_words: 8192.
 - virtual_space_node_default_size: 8388608.
 - enlarge_chunks_in_place: 1.
 - use_allocation_guard: 0.


Internal statistics:

num_allocs_failed_limit: 9.
num_arena_births: 1194.
num_arena_deaths: 24.
num_vsnodes_births: 3.
num_vsnodes_deaths: 0.
num_space_committed: 1166.
num_space_uncommitted: 0.
num_chunks_returned_to_freelist: 36.
num_chunks_taken_from_freelist: 4489.
num_chunk_merges: 11.
num_chunk_splits: 2727.
num_chunks_enlarged: 1556.
num_inconsistent_stats: 0.

CodeHeap 'non-profiled nmethods': size=120000Kb used=9022Kb max_used=9022Kb free=110977Kb
 bounds [0x0000022107ad0000, 0x00000221083a0000, 0x000002210f000000]
CodeHeap 'profiled nmethods': size=120000Kb used=29864Kb max_used=29864Kb free=90135Kb
 bounds [0x0000022100000000, 0x0000022101d30000, 0x0000022107530000]
CodeHeap 'non-nmethods': size=5760Kb used=1485Kb max_used=1574Kb free=4274Kb
 bounds [0x0000022107530000, 0x00000221077a0000, 0x0000022107ad0000]
CodeCache: size=245760Kb, used=40371Kb, max_used=40460Kb, free=205386Kb
 total_blobs=13133, nmethods=12329, adapters=707, full_count=0
Compilation: enabled, stopped_count=0, restarted_count=0

Compilation events (20 events):
Event: 142.730 Thread 0x000002217fbca390 13277       3       org.eclipse.core.internal.resources.AliasManager$LocationMap::matchingResourcesDo (87 bytes)
Event: 142.730 Thread 0x000002217fbca390 nmethod 13277 0x0000022101d20c90 code [0x0000022101d20f00, 0x0000022101d21c28]
Event: 142.730 Thread 0x000002217fbca390 13275       3       org.eclipse.core.runtime.Path::parsePortableString (175 bytes)
Event: 142.732 Thread 0x000002217fbca390 nmethod 13275 0x0000022101d21e90 code [0x0000022101d221a0, 0x0000022101d23170]
Event: 142.732 Thread 0x000002217fbca390 13276       3       org.eclipse.jdt.ls.core.internal.filesystem.JLSFile::getChild (121 bytes)
Event: 142.734 Thread 0x000002217fbca390 nmethod 13276 0x0000022101d23890 code [0x0000022101d23c80, 0x0000022101d25390]
Event: 144.349 Thread 0x000002217e8492b0 13278       4       java.util.concurrent.locks.AbstractQueuedSynchronizer::acquireShared (20 bytes)
Event: 144.350 Thread 0x000002217fbca390 13279       3       org.eclipse.jdt.ls.core.internal.filesystem.JLSFsUtils::shouldStoreInMetadataArea (73 bytes)
Event: 144.352 Thread 0x000002217fbca390 nmethod 13279 0x0000022101d25d10 code [0x0000022101d260c0, 0x0000022101d27468]
Event: 144.352 Thread 0x000002217fbca390 13280       3       org.eclipse.jdt.ls.core.internal.filesystem.JLSFsUtils::isProjectMetadataFile (71 bytes)
Event: 144.353 Thread 0x000002217fbca390 nmethod 13280 0x0000022101d27b10 code [0x0000022101d27da0, 0x0000022101d28768]
Event: 144.354 Thread 0x000002217e8492b0 nmethod 13278 0x000002210839ed10 code [0x000002210839ef00, 0x000002210839f250]
Event: 191.925 Thread 0x000002217fbca390 13281       3       java.util.concurrent.ScheduledThreadPoolExecutor$DelayedWorkQueue::setIndex (16 bytes)
Event: 191.925 Thread 0x000002217fbca390 nmethod 13281 0x0000022101d28b90 code [0x0000022101d28d40, 0x0000022101d29048]
Event: 191.993 Thread 0x000002217fbca390 13282       3       java.util.concurrent.ScheduledThreadPoolExecutor$ScheduledFutureTask::compareTo (9 bytes)
Event: 191.993 Thread 0x000002217fbca390 nmethod 13282 0x0000022101d29110 code [0x0000022101d292c0, 0x0000022101d29520]
Event: 191.993 Thread 0x000002217fbca390 13283       3       java.util.concurrent.ScheduledThreadPoolExecutor$ScheduledFutureTask::compareTo (101 bytes)
Event: 191.994 Thread 0x000002217fbca390 nmethod 13283 0x0000022101d29610 code [0x0000022101d29840, 0x0000022101d29f58]
Event: 192.008 Thread 0x000002217e8492b0 13284       4       java.util.concurrent.ThreadPoolExecutor$Worker::unlock (7 bytes)
Event: 192.010 Thread 0x000002217e8492b0 nmethod 13284 0x000002210839f590 code [0x000002210839f720, 0x000002210839f838]

GC Heap History (20 events):
Event: 90.364 GC heap before
{Heap before GC invocations=83 (full 3):
 PSYoungGen      total 6144K, used 5936K [0x00000000d5580000, 0x00000000d5c80000, 0x0000000100000000)
  eden space 5120K, 100% used [0x00000000d5580000,0x00000000d5a80000,0x00000000d5a80000)
  from space 1024K, 79% used [0x00000000d5b00000,0x00000000d5bcc010,0x00000000d5c00000)
  to   space 512K, 0% used [0x00000000d5c00000,0x00000000d5c00000,0x00000000d5c80000)
 ParOldGen       total 78848K, used 78337K [0x0000000080000000, 0x0000000084d00000, 0x00000000d5580000)
  object space 78848K, 99% used [0x0000000080000000,0x0000000084c80570,0x0000000084d00000)
 Metaspace       used 72514K, committed 73984K, reserved 1179648K
  class space    used 7535K, committed 8128K, reserved 1048576K
}
Event: 90.367 GC heap after
{Heap after GC invocations=83 (full 3):
 PSYoungGen      total 5632K, used 512K [0x00000000d5580000, 0x00000000d5d80000, 0x0000000100000000)
  eden space 5120K, 0% used [0x00000000d5580000,0x00000000d5580000,0x00000000d5a80000)
  from space 512K, 100% used [0x00000000d5c00000,0x00000000d5c80000,0x00000000d5c80000)
  to   space 1536K, 0% used [0x00000000d5a80000,0x00000000d5a80000,0x00000000d5c00000)
 ParOldGen       total 79360K, used 79105K [0x0000000080000000, 0x0000000084d80000, 0x00000000d5580000)
  object space 79360K, 99% used [0x0000000080000000,0x0000000084d40700,0x0000000084d80000)
 Metaspace       used 72514K, committed 73984K, reserved 1179648K
  class space    used 7535K, committed 8128K, reserved 1048576K
}
Event: 90.482 GC heap before
{Heap before GC invocations=84 (full 3):
 PSYoungGen      total 5632K, used 5632K [0x00000000d5580000, 0x00000000d5d80000, 0x0000000100000000)
  eden space 5120K, 100% used [0x00000000d5580000,0x00000000d5a80000,0x00000000d5a80000)
  from space 512K, 100% used [0x00000000d5c00000,0x00000000d5c80000,0x00000000d5c80000)
  to   space 1536K, 0% used [0x00000000d5a80000,0x00000000d5a80000,0x00000000d5c00000)
 ParOldGen       total 79360K, used 79105K [0x0000000080000000, 0x0000000084d80000, 0x00000000d5580000)
  object space 79360K, 99% used [0x0000000080000000,0x0000000084d40700,0x0000000084d80000)
 Metaspace       used 72621K, committed 74048K, reserved 1179648K
  class space    used 7535K, committed 8128K, reserved 1048576K
}
Event: 90.485 GC heap after
{Heap after GC invocations=84 (full 3):
 PSYoungGen      total 6144K, used 768K [0x00000000d5580000, 0x00000000d5c80000, 0x0000000100000000)
  eden space 5120K, 0% used [0x00000000d5580000,0x00000000d5580000,0x00000000d5a80000)
  from space 1024K, 75% used [0x00000000d5a80000,0x00000000d5b40000,0x00000000d5b80000)
  to   space 1024K, 0% used [0x00000000d5b80000,0x00000000d5b80000,0x00000000d5c80000)
 ParOldGen       total 79872K, used 79605K [0x0000000080000000, 0x0000000084e00000, 0x00000000d5580000)
  object space 79872K, 99% used [0x0000000080000000,0x0000000084dbd750,0x0000000084e00000)
 Metaspace       used 72621K, committed 74048K, reserved 1179648K
  class space    used 7535K, committed 8128K, reserved 1048576K
}
Event: 90.623 GC heap before
{Heap before GC invocations=85 (full 3):
 PSYoungGen      total 6144K, used 5888K [0x00000000d5580000, 0x00000000d5c80000, 0x0000000100000000)
  eden space 5120K, 100% used [0x00000000d5580000,0x00000000d5a80000,0x00000000d5a80000)
  from space 1024K, 75% used [0x00000000d5a80000,0x00000000d5b40000,0x00000000d5b80000)
  to   space 1024K, 0% used [0x00000000d5b80000,0x00000000d5b80000,0x00000000d5c80000)
 ParOldGen       total 79872K, used 79605K [0x0000000080000000, 0x0000000084e00000, 0x00000000d5580000)
  object space 79872K, 99% used [0x0000000080000000,0x0000000084dbd750,0x0000000084e00000)
 Metaspace       used 72720K, committed 74176K, reserved 1179648K
  class space    used 7537K, committed 8128K, reserved 1048576K
}
Event: 90.625 GC heap after
{Heap after GC invocations=85 (full 3):
 PSYoungGen      total 6144K, used 800K [0x00000000d5580000, 0x00000000d5c80000, 0x0000000100000000)
  eden space 5120K, 0% used [0x00000000d5580000,0x00000000d5580000,0x00000000d5a80000)
  from space 1024K, 78% used [0x00000000d5b80000,0x00000000d5c48000,0x00000000d5c80000)
  to   space 1024K, 0% used [0x00000000d5a80000,0x00000000d5a80000,0x00000000d5b80000)
 ParOldGen       total 80384K, used 80161K [0x0000000080000000, 0x0000000084e80000, 0x00000000d5580000)
  object space 80384K, 99% used [0x0000000080000000,0x0000000084e48780,0x0000000084e80000)
 Metaspace       used 72720K, committed 74176K, reserved 1179648K
  class space    used 7537K, committed 8128K, reserved 1048576K
}
Event: 90.863 GC heap before
{Heap before GC invocations=86 (full 3):
 PSYoungGen      total 6144K, used 5920K [0x00000000d5580000, 0x00000000d5c80000, 0x0000000100000000)
  eden space 5120K, 100% used [0x00000000d5580000,0x00000000d5a80000,0x00000000d5a80000)
  from space 1024K, 78% used [0x00000000d5b80000,0x00000000d5c48000,0x00000000d5c80000)
  to   space 1024K, 0% used [0x00000000d5a80000,0x00000000d5a80000,0x00000000d5b80000)
 ParOldGen       total 80384K, used 80161K [0x0000000080000000, 0x0000000084e80000, 0x00000000d5580000)
  object space 80384K, 99% used [0x0000000080000000,0x0000000084e48780,0x0000000084e80000)
 Metaspace       used 72856K, committed 74304K, reserved 1179648K
  class space    used 7537K, committed 8128K, reserved 1048576K
}
Event: 90.865 GC heap after
{Heap after GC invocations=86 (full 3):
 PSYoungGen      total 6144K, used 960K [0x00000000d5580000, 0x00000000d5c80000, 0x0000000100000000)
  eden space 5120K, 0% used [0x00000000d5580000,0x00000000d5580000,0x00000000d5a80000)
  from space 1024K, 93% used [0x00000000d5a80000,0x00000000d5b70000,0x00000000d5b80000)
  to   space 1024K, 0% used [0x00000000d5b80000,0x00000000d5b80000,0x00000000d5c80000)
 ParOldGen       total 80896K, used 80825K [0x0000000080000000, 0x0000000084f00000, 0x00000000d5580000)
  object space 80896K, 99% used [0x0000000080000000,0x0000000084eee7c0,0x0000000084f00000)
 Metaspace       used 72856K, committed 74304K, reserved 1179648K
  class space    used 7537K, committed 8128K, reserved 1048576K
}
Event: 90.915 GC heap before
{Heap before GC invocations=87 (full 3):
 PSYoungGen      total 6144K, used 6080K [0x00000000d5580000, 0x00000000d5c80000, 0x0000000100000000)
  eden space 5120K, 100% used [0x00000000d5580000,0x00000000d5a80000,0x00000000d5a80000)
  from space 1024K, 93% used [0x00000000d5a80000,0x00000000d5b70000,0x00000000d5b80000)
  to   space 1024K, 0% used [0x00000000d5b80000,0x00000000d5b80000,0x00000000d5c80000)
 ParOldGen       total 80896K, used 80825K [0x0000000080000000, 0x0000000084f00000, 0x00000000d5580000)
  object space 80896K, 99% used [0x0000000080000000,0x0000000084eee7c0,0x0000000084f00000)
 Metaspace       used 72902K, committed 74304K, reserved 1179648K
  class space    used 7541K, committed 8128K, reserved 1048576K
}
Event: 90.921 GC heap after
{Heap after GC invocations=87 (full 3):
 PSYoungGen      total 1536K, used 1006K [0x00000000d5580000, 0x00000000d6580000, 0x0000000100000000)
  eden space 512K, 0% used [0x00000000d5580000,0x00000000d5580000,0x00000000d5600000)
  from space 1024K, 98% used [0x00000000d5b80000,0x00000000d5c7bbb0,0x00000000d5c80000)
  to   space 5632K, 0% used [0x00000000d5600000,0x00000000d5600000,0x00000000d5b80000)
 ParOldGen       total 84480K, used 84417K [0x0000000080000000, 0x0000000085280000, 0x00000000d5580000)
  object space 84480K, 99% used [0x0000000080000000,0x00000000852707c0,0x0000000085280000)
 Metaspace       used 72902K, committed 74304K, reserved 1179648K
  class space    used 7541K, committed 8128K, reserved 1048576K
}
Event: 90.933 GC heap before
{Heap before GC invocations=88 (full 3):
 PSYoungGen      total 1536K, used 1518K [0x00000000d5580000, 0x00000000d6580000, 0x0000000100000000)
  eden space 512K, 99% used [0x00000000d5580000,0x00000000d55fffd8,0x00000000d5600000)
  from space 1024K, 98% used [0x00000000d5b80000,0x00000000d5c7bbb0,0x00000000d5c80000)
  to   space 5632K, 0% used [0x00000000d5600000,0x00000000d5600000,0x00000000d5b80000)
 ParOldGen       total 84480K, used 84417K [0x0000000080000000, 0x0000000085280000, 0x00000000d5580000)
  object space 84480K, 99% used [0x0000000080000000,0x00000000852707c0,0x0000000085280000)
 Metaspace       used 72934K, committed 74368K, reserved 1179648K
  class space    used 7542K, committed 8128K, reserved 1048576K
}
Event: 90.934 GC heap after
{Heap after GC invocations=88 (full 3):
 PSYoungGen      total 1024K, used 224K [0x00000000d5580000, 0x00000000d5c00000, 0x0000000100000000)
  eden space 512K, 0% used [0x00000000d5580000,0x00000000d5580000,0x00000000d5600000)
  from space 512K, 43% used [0x00000000d5600000,0x00000000d5638000,0x00000000d5680000)
  to   space 2048K, 0% used [0x00000000d5a00000,0x00000000d5a00000,0x00000000d5c00000)
 ParOldGen       total 84992K, used 84553K [0x0000000080000000, 0x0000000085300000, 0x00000000d5580000)
  object space 84992K, 99% used [0x0000000080000000,0x00000000852927f0,0x0000000085300000)
 Metaspace       used 72934K, committed 74368K, reserved 1179648K
  class space    used 7542K, committed 8128K, reserved 1048576K
}
Event: 90.972 GC heap before
{Heap before GC invocations=89 (full 3):
 PSYoungGen      total 1024K, used 736K [0x00000000d5580000, 0x00000000d5c00000, 0x0000000100000000)
  eden space 512K, 100% used [0x00000000d5580000,0x00000000d5600000,0x00000000d5600000)
  from space 512K, 43% used [0x00000000d5600000,0x00000000d5638000,0x00000000d5680000)
  to   space 2048K, 0% used [0x00000000d5a00000,0x00000000d5a00000,0x00000000d5c00000)
 ParOldGen       total 84992K, used 84553K [0x0000000080000000, 0x0000000085300000, 0x00000000d5580000)
  object space 84992K, 99% used [0x0000000080000000,0x00000000852927f0,0x0000000085300000)
 Metaspace       used 72993K, committed 74432K, reserved 1179648K
  class space    used 7549K, committed 8128K, reserved 1048576K
}
Event: 90.973 GC heap after
{Heap after GC invocations=89 (full 3):
 PSYoungGen      total 1024K, used 288K [0x00000000d5580000, 0x00000000d5a80000, 0x0000000100000000)
  eden space 512K, 0% used [0x00000000d5580000,0x00000000d5580000,0x00000000d5600000)
  from space 512K, 56% used [0x00000000d5a00000,0x00000000d5a48000,0x00000000d5a80000)
  to   space 1024K, 0% used [0x00000000d5880000,0x00000000d5880000,0x00000000d5980000)
 ParOldGen       total 84992K, used 84617K [0x0000000080000000, 0x0000000085300000, 0x00000000d5580000)
  object space 84992K, 99% used [0x0000000080000000,0x00000000852a27f0,0x0000000085300000)
 Metaspace       used 72993K, committed 74432K, reserved 1179648K
  class space    used 7549K, committed 8128K, reserved 1048576K
}
Event: 90.996 GC heap before
{Heap before GC invocations=90 (full 3):
 PSYoungGen      total 1024K, used 800K [0x00000000d5580000, 0x00000000d5a80000, 0x0000000100000000)
  eden space 512K, 100% used [0x00000000d5580000,0x00000000d5600000,0x00000000d5600000)
  from space 512K, 56% used [0x00000000d5a00000,0x00000000d5a48000,0x00000000d5a80000)
  to   space 1024K, 0% used [0x00000000d5880000,0x00000000d5880000,0x00000000d5980000)
 ParOldGen       total 84992K, used 84617K [0x0000000080000000, 0x0000000085300000, 0x00000000d5580000)
  object space 84992K, 99% used [0x0000000080000000,0x00000000852a27f0,0x0000000085300000)
 Metaspace       used 73019K, committed 74496K, reserved 1179648K
  class space    used 7558K, committed 8192K, reserved 1048576K
}
Event: 90.997 GC heap after
{Heap after GC invocations=90 (full 3):
 PSYoungGen      total 4096K, used 320K [0x00000000d5580000, 0x00000000d5a80000, 0x0000000100000000)
  eden space 3072K, 0% used [0x00000000d5580000,0x00000000d5580000,0x00000000d5880000)
  from space 1024K, 31% used [0x00000000d5880000,0x00000000d58d0000,0x00000000d5980000)
  to   space 512K, 0% used [0x00000000d5a00000,0x00000000d5a00000,0x00000000d5a80000)
 ParOldGen       total 84992K, used 84689K [0x0000000080000000, 0x0000000085300000, 0x00000000d5580000)
  object space 84992K, 99% used [0x0000000080000000,0x00000000852b47f0,0x0000000085300000)
 Metaspace       used 73019K, committed 74496K, reserved 1179648K
  class space    used 7558K, committed 8192K, reserved 1048576K
}
Event: 91.196 GC heap before
{Heap before GC invocations=91 (full 3):
 PSYoungGen      total 4096K, used 3392K [0x00000000d5580000, 0x00000000d5a80000, 0x0000000100000000)
  eden space 3072K, 100% used [0x00000000d5580000,0x00000000d5880000,0x00000000d5880000)
  from space 1024K, 31% used [0x00000000d5880000,0x00000000d58d0000,0x00000000d5980000)
  to   space 512K, 0% used [0x00000000d5a00000,0x00000000d5a00000,0x00000000d5a80000)
 ParOldGen       total 84992K, used 84689K [0x0000000080000000, 0x0000000085300000, 0x00000000d5580000)
  object space 84992K, 99% used [0x0000000080000000,0x00000000852b47f0,0x0000000085300000)
 Metaspace       used 73081K, committed 74624K, reserved 1179648K
  class space    used 7562K, committed 8192K, reserved 1048576K
}
Event: 91.198 GC heap after
{Heap after GC invocations=91 (full 3):
 PSYoungGen      total 3584K, used 256K [0x00000000d5580000, 0x00000000d5a80000, 0x0000000100000000)
  eden space 3072K, 0% used [0x00000000d5580000,0x00000000d5580000,0x00000000d5880000)
  from space 512K, 50% used [0x00000000d5a00000,0x00000000d5a40000,0x00000000d5a80000)
  to   space 512K, 0% used [0x00000000d5980000,0x00000000d5980000,0x00000000d5a00000)
 ParOldGen       total 84992K, used 84753K [0x0000000080000000, 0x0000000085300000, 0x00000000d5580000)
  object space 84992K, 99% used [0x0000000080000000,0x00000000852c47f0,0x0000000085300000)
 Metaspace       used 73081K, committed 74624K, reserved 1179648K
  class space    used 7562K, committed 8192K, reserved 1048576K
}
Event: 92.857 GC heap before
{Heap before GC invocations=92 (full 3):
 PSYoungGen      total 3584K, used 3328K [0x00000000d5580000, 0x00000000d5a80000, 0x0000000100000000)
  eden space 3072K, 100% used [0x00000000d5580000,0x00000000d5880000,0x00000000d5880000)
  from space 512K, 50% used [0x00000000d5a00000,0x00000000d5a40000,0x00000000d5a80000)
  to   space 512K, 0% used [0x00000000d5980000,0x00000000d5980000,0x00000000d5a00000)
 ParOldGen       total 84992K, used 84753K [0x0000000080000000, 0x0000000085300000, 0x00000000d5580000)
  object space 84992K, 99% used [0x0000000080000000,0x00000000852c47f0,0x0000000085300000)
 Metaspace       used 73128K, committed 74624K, reserved 1179648K
  class space    used 7564K, committed 8192K, reserved 1048576K
}
Event: 92.859 GC heap after
{Heap after GC invocations=92 (full 3):
 PSYoungGen      total 3584K, used 512K [0x00000000d5580000, 0x00000000d5a80000, 0x0000000100000000)
  eden space 3072K, 0% used [0x00000000d5580000,0x00000000d5580000,0x00000000d5880000)
  from space 512K, 100% used [0x00000000d5980000,0x00000000d5a00000,0x00000000d5a00000)
  to   space 512K, 0% used [0x00000000d5a00000,0x00000000d5a00000,0x00000000d5a80000)
 ParOldGen       total 84992K, used 84857K [0x0000000080000000, 0x0000000085300000, 0x00000000d5580000)
  object space 84992K, 99% used [0x0000000080000000,0x00000000852de7f0,0x0000000085300000)
 Metaspace       used 73128K, committed 74624K, reserved 1179648K
  class space    used 7564K, committed 8192K, reserved 1048576K
}

Dll operation events (12 events):
Event: 0.245 Loaded shared library c:\Users\HP\.vscode\extensions\redhat.java-1.55.0-win32-x64\jre\21.0.11-win32-x86_64\bin\java.dll
Event: 0.430 Loaded shared library c:\Users\HP\.vscode\extensions\redhat.java-1.55.0-win32-x64\jre\21.0.11-win32-x86_64\bin\zip.dll
Event: 0.464 Loaded shared library C:\Users\HP\.vscode\extensions\redhat.java-1.55.0-win32-x64\jre\21.0.11-win32-x86_64\bin\instrument.dll
Event: 0.535 Loaded shared library C:\Users\HP\.vscode\extensions\redhat.java-1.55.0-win32-x64\jre\21.0.11-win32-x86_64\bin\net.dll
Event: 0.629 Loaded shared library C:\Users\HP\.vscode\extensions\redhat.java-1.55.0-win32-x64\jre\21.0.11-win32-x86_64\bin\nio.dll
Event: 0.635 Loaded shared library C:\Users\HP\.vscode\extensions\redhat.java-1.55.0-win32-x64\jre\21.0.11-win32-x86_64\bin\zip.dll
Event: 0.667 Loaded shared library C:\Users\HP\.vscode\extensions\redhat.java-1.55.0-win32-x64\jre\21.0.11-win32-x86_64\bin\jimage.dll
Event: 0.838 Loaded shared library c:\Users\HP\.vscode\extensions\redhat.java-1.55.0-win32-x64\jre\21.0.11-win32-x86_64\bin\verify.dll
Event: 14.047 Loaded shared library C:\Users\HP\AppData\Roaming\Code\User\globalStorage\redhat.java\1.55.0\config_win\org.eclipse.equinox.launcher\org.eclipse.equinox.launcher.win32.win32.x86_64_1.3.100.v20260613-0559\eclipse_11924.dll
Event: 30.133 Loaded shared library C:\Users\HP\AppData\Local\Temp\jna-2312\jna975187986354197525.dll
Event: 33.547 Loaded shared library C:\Users\HP\.vscode\extensions\redhat.java-1.55.0-win32-x64\jre\21.0.11-win32-x86_64\bin\sunmscapi.dll
Event: 34.934 Loaded shared library C:\Users\HP\.vscode\extensions\redhat.java-1.55.0-win32-x64\jre\21.0.11-win32-x86_64\bin\extnet.dll

Deoptimization events (20 events):
Event: 92.891 Thread 0x0000022159743e40 DEOPT PACKING pc=0x000002210096c050 sp=0x000000f274ffeb90
Event: 92.891 Thread 0x0000022159743e40 DEOPT UNPACKING pc=0x0000022107584242 sp=0x000000f274ffe0e8 mode 0
Event: 92.892 Thread 0x0000022159743e40 DEOPT PACKING pc=0x000002210096c050 sp=0x000000f274ffeb90
Event: 92.892 Thread 0x0000022159743e40 DEOPT UNPACKING pc=0x0000022107584242 sp=0x000000f274ffe0e8 mode 0
Event: 142.725 Thread 0x000002215a7732e0 Uncommon trap: trap_request=0xffffff45 fr.pc=0x000002210837b844 relative=0x0000000000000fe4
Event: 142.725 Thread 0x000002215a7732e0 Uncommon trap: reason=unstable_if action=reinterpret pc=0x000002210837b844 method=org.eclipse.jdt.ls.core.internal.filesystem.JLSFsUtils.isProjectMetadataFile(Lorg/eclipse/core/runtime/IPath;)Z @ 11 c2
Event: 142.725 Thread 0x000002215a7732e0 DEOPT PACKING pc=0x000002210837b844 sp=0x000000f276bfec90
Event: 142.725 Thread 0x000002215a7732e0 DEOPT UNPACKING pc=0x0000022107583aa2 sp=0x000000f276bfebe0 mode 2
Event: 142.725 Thread 0x000002215a7732e0 Uncommon trap: trap_request=0xffffff45 fr.pc=0x0000022108364488 relative=0x0000000000000ea8
Event: 142.725 Thread 0x000002215a7732e0 Uncommon trap: reason=unstable_if action=reinterpret pc=0x0000022108364488 method=org.eclipse.core.runtime.Path.toOSString()Ljava/lang/String; @ 109 c2
Event: 142.725 Thread 0x000002215a7732e0 DEOPT PACKING pc=0x0000022108364488 sp=0x000000f276bfec50
Event: 142.725 Thread 0x000002215a7732e0 DEOPT UNPACKING pc=0x0000022107583aa2 sp=0x000000f276bfec08 mode 2
Event: 142.725 Thread 0x000002215a7732e0 Uncommon trap: trap_request=0xffffff45 fr.pc=0x0000022108361250 relative=0x0000000000001a50
Event: 142.725 Thread 0x000002215a7732e0 Uncommon trap: reason=unstable_if action=reinterpret pc=0x0000022108361250 method=org.eclipse.core.runtime.Path.computeSegmentCount(Ljava/lang/String;)I @ 11 c2
Event: 142.725 Thread 0x000002215a7732e0 DEOPT PACKING pc=0x0000022108361250 sp=0x000000f276bfebc0
Event: 142.725 Thread 0x000002215a7732e0 DEOPT UNPACKING pc=0x0000022107583aa2 sp=0x000000f276bfeb08 mode 2
Event: 142.725 Thread 0x000002215a7732e0 Uncommon trap: trap_request=0xffffff45 fr.pc=0x0000022108379c60 relative=0x0000000000000940
Event: 142.725 Thread 0x000002215a7732e0 Uncommon trap: reason=unstable_if action=reinterpret pc=0x0000022108379c60 method=org.eclipse.jdt.ls.core.internal.filesystem.JLSFsUtils.isProjectMetadataFile(Lorg/eclipse/core/runtime/IPath;)Z @ 11 c2
Event: 142.725 Thread 0x000002215a7732e0 DEOPT PACKING pc=0x0000022108379c60 sp=0x000000f276bfecb0
Event: 142.725 Thread 0x000002215a7732e0 DEOPT UNPACKING pc=0x0000022107583aa2 sp=0x000000f276bfec58 mode 2

Classes loaded (20 events):
Event: 87.730 Loading class java/util/AbstractList$SubList done
Event: 87.731 Loading class java/util/AbstractList$RandomAccessSubList done
Event: 87.731 Loading class java/util/AbstractList$SubList$1
Event: 87.735 Loading class java/util/AbstractList$SubList$1 done
Event: 87.825 Loading class javax/xml/transform/TransformerConfigurationException
Event: 87.825 Loading class javax/xml/transform/TransformerConfigurationException done
Event: 87.826 Loading class java/util/Hashtable$KeySet
Event: 87.826 Loading class java/util/Hashtable$KeySet done
Event: 87.879 Loading class java/util/LinkedList$LLSpliterator
Event: 87.879 Loading class java/util/LinkedList$LLSpliterator done
Event: 87.973 Loading class java/util/ImmutableCollections$SubList
Event: 87.979 Loading class java/util/ImmutableCollections$SubList done
Event: 88.484 Loading class jdk/internal/ref/CleanerImpl$InnocuousThreadFactory
Event: 88.492 Loading class jdk/internal/ref/CleanerImpl$InnocuousThreadFactory done
Event: 142.720 Loading class java/util/stream/DistinctOps
Event: 142.721 Loading class java/util/stream/DistinctOps done
Event: 142.721 Loading class java/util/stream/DistinctOps$1
Event: 142.721 Loading class java/util/stream/DistinctOps$1 done
Event: 142.722 Loading class java/util/stream/DistinctOps$1$2
Event: 142.722 Loading class java/util/stream/DistinctOps$1$2 done

Classes unloaded (12 events):
Event: 30.992 Thread 0x000002217ae446f0 Unloading class 0x00000221141b1000 'java/lang/invoke/LambdaForm$MH+0x00000221141b1000'
Event: 30.992 Thread 0x000002217ae446f0 Unloading class 0x00000221141b0c00 'java/lang/invoke/LambdaForm$MH+0x00000221141b0c00'
Event: 30.992 Thread 0x000002217ae446f0 Unloading class 0x00000221141b0800 'java/lang/invoke/LambdaForm$MH+0x00000221141b0800'
Event: 30.992 Thread 0x000002217ae446f0 Unloading class 0x00000221141b0400 'java/lang/invoke/LambdaForm$MH+0x00000221141b0400'
Event: 30.992 Thread 0x000002217ae446f0 Unloading class 0x00000221141b0000 'java/lang/invoke/LambdaForm$BMH+0x00000221141b0000'
Event: 30.992 Thread 0x000002217ae446f0 Unloading class 0x00000221141afc00 'java/lang/invoke/LambdaForm$DMH+0x00000221141afc00'
Event: 30.992 Thread 0x000002217ae446f0 Unloading class 0x00000221141ae800 'java/lang/invoke/LambdaForm$DMH+0x00000221141ae800'
Event: 33.559 Thread 0x000002217ae446f0 Unloading class 0x000002211430e800 'java/lang/invoke/LambdaForm$MH+0x000002211430e800'
Event: 33.559 Thread 0x000002217ae446f0 Unloading class 0x000002211430e000 'java/lang/invoke/LambdaForm$MH+0x000002211430e000'
Event: 33.559 Thread 0x000002217ae446f0 Unloading class 0x000002211430d800 'java/lang/invoke/LambdaForm$DMH+0x000002211430d800'
Event: 33.559 Thread 0x000002217ae446f0 Unloading class 0x0000022114309800 'java/lang/invoke/LambdaForm$MH+0x0000022114309800'
Event: 33.559 Thread 0x000002217ae446f0 Unloading class 0x0000022114308800 'java/lang/invoke/LambdaForm$MH+0x0000022114308800'

Classes redefined (0 events):
No events

Internal exceptions (20 events):
Event: 88.711 Thread 0x0000022159f4ad20 Exception <a 'sun/nio/fs/WindowsException'{0x00000000d5861b08}> (0x00000000d5861b08) 
thrown [s\src\hotspot\share\prims\jni.cpp, line 520]
Event: 88.724 Thread 0x0000022159f4ad20 Exception <a 'sun/nio/fs/WindowsException'{0x00000000d58ecce8}> (0x00000000d58ecce8) 
thrown [s\src\hotspot\share\prims\jni.cpp, line 520]
Event: 88.736 Thread 0x0000022159f4ad20 Exception <a 'sun/nio/fs/WindowsException'{0x00000000d596d448}> (0x00000000d596d448) 
thrown [s\src\hotspot\share\prims\jni.cpp, line 520]
Event: 88.747 Thread 0x0000022159f4ad20 Exception <a 'sun/nio/fs/WindowsException'{0x00000000d59e1d28}> (0x00000000d59e1d28) 
thrown [s\src\hotspot\share\prims\jni.cpp, line 520]
Event: 88.759 Thread 0x0000022159f4a000 Exception <a 'sun/nio/fs/WindowsException'{0x00000000d585f8f0}> (0x00000000d585f8f0) 
thrown [s\src\hotspot\share\prims\jni.cpp, line 520]
Event: 89.678 Thread 0x000002215b1110b0 Exception <a 'java/lang/NoSuchMethodError'{0x00000000d55d0790}: 'java.lang.Object java.lang.invoke.DirectMethodHandle$Holder.invokeStatic(java.lang.Object, java.lang.Object, int, java.lang.Object, java.lang.Object)'> (0x00000000d55d0790) 
thrown [s\src\hotspot\share\interpreter\linkResolver.cpp, line 773]
Event: 89.699 Thread 0x000002215b1110b0 Implicit null exception at 0x000002210812f023 to 0x000002210812f388
Event: 89.733 Thread 0x000002215b1110b0 Implicit null exception at 0x00000221081fecc6 to 0x00000221081fed34
Event: 90.859 Thread 0x0000022159f4ad20 Exception <a 'sun/nio/fs/WindowsException'{0x00000000d5a38650}> (0x00000000d5a38650) 
thrown [s\src\hotspot\share\prims\jni.cpp, line 520]
Event: 90.859 Thread 0x0000022159f4ad20 Exception <a 'sun/nio/fs/WindowsException'{0x00000000d5a38c80}> (0x00000000d5a38c80) 
thrown [s\src\hotspot\share\prims\jni.cpp, line 520]
Event: 90.901 Thread 0x00000221599b1660 Exception <a 'sun/nio/fs/WindowsException'{0x00000000d5695540}> (0x00000000d5695540) 
thrown [s\src\hotspot\share\prims\jni.cpp, line 520]
Event: 90.901 Thread 0x00000221599b1660 Exception <a 'sun/nio/fs/WindowsException'{0x00000000d56d69f8}> (0x00000000d56d69f8) 
thrown [s\src\hotspot\share\prims\jni.cpp, line 520]
Event: 90.902 Thread 0x00000221599b1660 Exception <a 'sun/nio/fs/WindowsException'{0x00000000d5706118}> (0x00000000d5706118) 
thrown [s\src\hotspot\share\prims\jni.cpp, line 520]
Event: 90.902 Thread 0x00000221599b1660 Exception <a 'sun/nio/fs/WindowsException'{0x00000000d5706748}> (0x00000000d5706748) 
thrown [s\src\hotspot\share\prims\jni.cpp, line 520]
Event: 90.903 Thread 0x00000221599b1660 Exception <a 'sun/nio/fs/WindowsException'{0x00000000d57506a8}> (0x00000000d57506a8) 
thrown [s\src\hotspot\share\prims\jni.cpp, line 520]
Event: 90.903 Thread 0x00000221599b1660 Exception <a 'sun/nio/fs/WindowsException'{0x00000000d5750cd8}> (0x00000000d5750cd8) 
thrown [s\src\hotspot\share\prims\jni.cpp, line 520]
Event: 90.905 Thread 0x00000221599b1660 Exception <a 'sun/nio/fs/WindowsException'{0x00000000d57aae08}> (0x00000000d57aae08) 
thrown [s\src\hotspot\share\prims\jni.cpp, line 520]
Event: 90.905 Thread 0x00000221599b1660 Exception <a 'sun/nio/fs/WindowsException'{0x00000000d57c8ed0}> (0x00000000d57c8ed0) 
thrown [s\src\hotspot\share\prims\jni.cpp, line 520]
Event: 90.985 Thread 0x00000221599b1660 Exception <a 'java/lang/NoSuchMethodError'{0x00000000d55ca1d0}: 'java.lang.Object java.lang.invoke.DirectMethodHandle$Holder.invokeStatic(java.lang.Object, java.lang.Object, int, java.lang.Object)'> (0x00000000d55ca1d0) 
thrown [s\src\hotspot\share\interpreter\linkResolver.cpp, line 773]
Event: 90.986 Thread 0x00000221599b1660 Exception <a 'java/lang/NoSuchMethodError'{0x00000000d55d16d8}: 'java.lang.Object java.lang.invoke.DirectMethodHandle$Holder.newInvokeSpecial(java.lang.Object, java.lang.Object, int)'> (0x00000000d55d16d8) 
thrown [s\src\hotspot\share\interpreter\linkResolver.cpp, line 773]

ZGC Phase Switch (0 events):
No events

VM Operations (20 events):
Event: 92.857 Executing safepoint VM operation: ParallelGCFailedAllocation (Allocation Failure)
Event: 92.859 Executing safepoint VM operation: ParallelGCFailedAllocation (Allocation Failure) done
Event: 93.861 Executing safepoint VM operation: Cleanup
Event: 93.861 Executing safepoint VM operation: Cleanup done
Event: 120.649 Executing non-safepoint VM operation: HandshakeAllThreads (HandshakeForDeflation)
Event: 120.649 Executing non-safepoint VM operation: HandshakeAllThreads (HandshakeForDeflation) done
Event: 120.649 Executing non-safepoint VM operation: RendezvousGCThreads
Event: 120.649 Executing non-safepoint VM operation: RendezvousGCThreads done
Event: 142.790 Executing safepoint VM operation: Cleanup
Event: 142.790 Executing safepoint VM operation: Cleanup done
Event: 144.798 Executing safepoint VM operation: Cleanup
Event: 144.798 Executing safepoint VM operation: Cleanup done
Event: 180.865 Executing non-safepoint VM operation: HandshakeAllThreads (HandshakeForDeflation)
Event: 180.865 Executing non-safepoint VM operation: HandshakeAllThreads (HandshakeForDeflation) done
Event: 180.865 Executing non-safepoint VM operation: RendezvousGCThreads
Event: 180.865 Executing non-safepoint VM operation: RendezvousGCThreads done
Event: 240.912 Executing non-safepoint VM operation: HandshakeAllThreads (HandshakeForDeflation)
Event: 240.912 Executing non-safepoint VM operation: HandshakeAllThreads (HandshakeForDeflation) done
Event: 240.912 Executing non-safepoint VM operation: RendezvousGCThreads
Event: 240.912 Executing non-safepoint VM operation: RendezvousGCThreads done

Memory protections (0 events):
No events

Nmethod flushes (20 events):
Event: 82.147 Thread 0x000002217ae446f0 flushing  nmethod 0x00000221009dac90
Event: 82.147 Thread 0x000002217ae446f0 flushing osr nmethod 0x00000221009e0090
Event: 82.147 Thread 0x000002217ae446f0 flushing osr nmethod 0x00000221009e6910
Event: 82.147 Thread 0x000002217ae446f0 flushing  nmethod 0x00000221009f4c10
Event: 82.147 Thread 0x000002217ae446f0 flushing  nmethod 0x0000022100a0ce90
Event: 82.147 Thread 0x000002217ae446f0 flushing  nmethod 0x0000022100a10390
Event: 82.147 Thread 0x000002217ae446f0 flushing  nmethod 0x0000022100a42c90
Event: 82.147 Thread 0x000002217ae446f0 flushing  nmethod 0x0000022100a44510
Event: 82.147 Thread 0x000002217ae446f0 flushing  nmethod 0x0000022100a47a10
Event: 82.147 Thread 0x000002217ae446f0 flushing  nmethod 0x0000022100a48110
Event: 82.147 Thread 0x000002217ae446f0 flushing  nmethod 0x0000022100a54190
Event: 82.147 Thread 0x000002217ae446f0 flushing  nmethod 0x0000022100a5d190
Event: 82.148 Thread 0x000002217ae446f0 flushing  nmethod 0x0000022100a62210
Event: 82.148 Thread 0x000002217ae446f0 flushing  nmethod 0x0000022100a75b90
Event: 82.148 Thread 0x000002217ae446f0 flushing  nmethod 0x0000022100a76010
Event: 82.148 Thread 0x000002217ae446f0 flushing  nmethod 0x0000022100a76590
Event: 82.148 Thread 0x000002217ae446f0 flushing  nmethod 0x0000022100a7ca90
Event: 82.148 Thread 0x000002217ae446f0 flushing  nmethod 0x0000022100a80610
Event: 82.148 Thread 0x000002217ae446f0 flushing  nmethod 0x0000022100a81f90
Event: 82.148 Thread 0x000002217ae446f0 flushing osr nmethod 0x0000022100aa4b10

Events (20 events):
Event: 86.951 Thread 0x000002215a7725c0 Thread added: 0x000002215c16c800
Event: 86.953 Thread 0x000002215a7725c0 Thread added: 0x000002215c16ce90
Event: 86.955 Thread 0x000002215c16ce90 Thread added: 0x000002215c172a70
Event: 86.957 Thread 0x000002215c172a70 Thread added: 0x000002215c171030
Event: 86.961 Thread 0x000002215c171030 Thread added: 0x000002215c1716c0
Event: 86.977 Thread 0x000002215a7725c0 Thread added: 0x000002215c1723e0
Event: 88.493 Thread 0x000002215c171030 Thread added: 0x000002215c1709a0
Event: 98.030 Thread 0x000002215a32d4d0 Thread exited: 0x000002215a32d4d0
Event: 103.029 Thread 0x000002215aa23800 Thread exited: 0x000002215aa23800
Event: 148.525 Thread 0x000002215a7760d0 Thread exited: 0x000002215a7760d0
Event: 150.562 Thread 0x000002215b1110b0 Thread exited: 0x000002215b1110b0
Event: 150.861 Thread 0x000002215b111740 Thread exited: 0x000002215b111740
Event: 150.911 Thread 0x0000022159f49970 Thread exited: 0x0000022159f49970
Event: 150.942 Thread 0x0000022159f4ad20 Thread exited: 0x0000022159f4ad20
Event: 150.942 Thread 0x0000022159f492e0 Thread exited: 0x0000022159f492e0
Event: 151.322 Thread 0x00000221599b1660 Thread exited: 0x00000221599b1660
Event: 208.526 Thread 0x000002215a770b80 Thread exited: 0x000002215a770b80
Event: 210.572 Thread 0x000002215c171030 Thread exited: 0x000002215c171030
Event: 268.539 Thread 0x000002215a776df0 Thread exited: 0x000002215a776df0
Event: 270.574 Thread 0x000002215c172a70 Thread exited: 0x000002215c172a70


Dynamic libraries:
0x00007ff7fa0a0000 - 0x00007ff7fa0ae000 	c:\Users\HP\.vscode\extensions\redhat.java-1.55.0-win32-x64\jre\21.0.11-win32-x86_64\bin\java.exe
0x00007ffdf6c60000 - 0x00007ffdf6ec6000 	C:\WINDOWS\SYSTEM32\ntdll.dll
0x00007ffdf5cd0000 - 0x00007ffdf5d99000 	C:\WINDOWS\System32\KERNEL32.DLL
0x00007ffdf4430000 - 0x00007ffdf482a000 	C:\WINDOWS\System32\KERNELBASE.dll
0x00007ffdee0f0000 - 0x00007ffdee190000 	C:\WINDOWS\SYSTEM32\apphelp.dll
0x00007ffdf3ef0000 - 0x00007ffdf403c000 	C:\WINDOWS\System32\ucrtbase.dll
0x00007ffdaf680000 - 0x00007ffdaf69e000 	c:\Users\HP\.vscode\extensions\redhat.java-1.55.0-win32-x64\jre\21.0.11-win32-x86_64\bin\VCRUNTIME140.dll
0x00007ffdab2c0000 - 0x00007ffdab2d8000 	c:\Users\HP\.vscode\extensions\redhat.java-1.55.0-win32-x64\jre\21.0.11-win32-x86_64\bin\jli.dll
0x00007ffdf5a90000 - 0x00007ffdf5c57000 	C:\WINDOWS\System32\USER32.dll
0x00007ffdf49a0000 - 0x00007ffdf49c7000 	C:\WINDOWS\System32\win32u.dll
0x00007ffdd2270000 - 0x00007ffdd2502000 	C:\WINDOWS\WinSxS\amd64_microsoft.windows.common-controls_6595b64144ccf1df_6.0.26100.8521_none_3e08b75ce33403b3\COMCTL32.dll
0x00007ffdf6170000 - 0x00007ffdf619b000 	C:\WINDOWS\System32\GDI32.dll
0x00007ffdf4270000 - 0x00007ffdf439b000 	C:\WINDOWS\System32\gdi32full.dll
0x00007ffdf4040000 - 0x00007ffdf40e3000 	C:\WINDOWS\System32\msvcp_win.dll
0x00007ffdf60c0000 - 0x00007ffdf6169000 	C:\WINDOWS\System32\msvcrt.dll
0x00007ffdf5a50000 - 0x00007ffdf5a82000 	C:\WINDOWS\System32\IMM32.DLL
0x00007ffdcec80000 - 0x00007ffdcec8c000 	c:\Users\HP\.vscode\extensions\redhat.java-1.55.0-win32-x64\jre\21.0.11-win32-x86_64\bin\vcruntime140_1.dll
0x00007ffd74030000 - 0x00007ffd740bd000 	c:\Users\HP\.vscode\extensions\redhat.java-1.55.0-win32-x64\jre\21.0.11-win32-x86_64\bin\msvcp140.dll
0x00007ffd28ba0000 - 0x00007ffd29942000 	c:\Users\HP\.vscode\extensions\redhat.java-1.55.0-win32-x64\jre\21.0.11-win32-x86_64\bin\server\jvm.dll
0x00007ffdf4f80000 - 0x00007ffdf5036000 	C:\WINDOWS\System32\ADVAPI32.dll
0x00007ffdf5890000 - 0x00007ffdf593a000 	C:\WINDOWS\System32\sechost.dll
0x00007ffdf5db0000 - 0x00007ffdf5ec8000 	C:\WINDOWS\System32\RPCRT4.dll
0x00007ffdf61a0000 - 0x00007ffdf6220000 	C:\WINDOWS\System32\WS2_32.dll
0x00007ffde78c0000 - 0x00007ffde78f6000 	C:\WINDOWS\SYSTEM32\WINMM.dll
0x00007ffdf3d50000 - 0x00007ffdf3dae000 	C:\WINDOWS\SYSTEM32\POWRPROF.dll
0x00007ffddf290000 - 0x00007ffddf29b000 	C:\WINDOWS\SYSTEM32\VERSION.dll
0x00007ffdf3d30000 - 0x00007ffdf3d44000 	C:\WINDOWS\SYSTEM32\UMPDC.dll
0x00007ffdf2be0000 - 0x00007ffdf2bfb000 	C:\WINDOWS\SYSTEM32\kernel.appcore.dll
0x00007ffdccff0000 - 0x00007ffdccffa000 	c:\Users\HP\.vscode\extensions\redhat.java-1.55.0-win32-x64\jre\21.0.11-win32-x86_64\bin\jimage.dll
0x00007ffdf14e0000 - 0x00007ffdf1722000 	C:\WINDOWS\SYSTEM32\DBGHELP.DLL
0x00007ffdf63f0000 - 0x00007ffdf6773000 	C:\WINDOWS\System32\combase.dll
0x00007ffdf5f50000 - 0x00007ffdf6029000 	C:\WINDOWS\System32\OLEAUT32.dll
0x00007ffdc3a70000 - 0x00007ffdc3aab000 	C:\WINDOWS\SYSTEM32\dbgcore.DLL
0x00007ffdf48f0000 - 0x00007ffdf4998000 	C:\WINDOWS\System32\bcryptPrimitives.dll
0x00007ffdcc9f0000 - 0x00007ffdcc9ff000 	c:\Users\HP\.vscode\extensions\redhat.java-1.55.0-win32-x64\jre\21.0.11-win32-x86_64\bin\instrument.dll
0x00007ffda9300000 - 0x00007ffda9320000 	c:\Users\HP\.vscode\extensions\redhat.java-1.55.0-win32-x64\jre\21.0.11-win32-x86_64\bin\java.dll
0x00007ffdf5040000 - 0x00007ffdf57c4000 	C:\WINDOWS\System32\SHELL32.dll
0x00007ffdf1a90000 - 0x00007ffdf2310000 	C:\WINDOWS\SYSTEM32\windows.storage.dll
0x00007ffdf4e70000 - 0x00007ffdf4f66000 	C:\WINDOWS\System32\SHCORE.dll
0x00007ffdf5c60000 - 0x00007ffdf5cc7000 	C:\WINDOWS\System32\shlwapi.dll
0x00007ffdf3e10000 - 0x00007ffdf3e39000 	C:\WINDOWS\SYSTEM32\profapi.dll
0x00007ffd98b90000 - 0x00007ffd98ba8000 	c:\Users\HP\.vscode\extensions\redhat.java-1.55.0-win32-x64\jre\21.0.11-win32-x86_64\bin\zip.dll
0x00007ffdca630000 - 0x00007ffdca640000 	C:\Users\HP\.vscode\extensions\redhat.java-1.55.0-win32-x64\jre\21.0.11-win32-x86_64\bin\net.dll
0x00007ffde93d0000 - 0x00007ffde94f9000 	C:\WINDOWS\SYSTEM32\WINHTTP.dll
0x00007ffdf31f0000 - 0x00007ffdf325c000 	C:\WINDOWS\system32\mswsock.dll
0x00007ffd9fe70000 - 0x00007ffd9fe86000 	C:\Users\HP\.vscode\extensions\redhat.java-1.55.0-win32-x64\jre\21.0.11-win32-x86_64\bin\nio.dll
0x00007ffdc8f90000 - 0x00007ffdc8fa0000 	c:\Users\HP\.vscode\extensions\redhat.java-1.55.0-win32-x64\jre\21.0.11-win32-x86_64\bin\verify.dll
0x00007ffdccc80000 - 0x00007ffdcccc5000 	C:\Users\HP\AppData\Roaming\Code\User\globalStorage\redhat.java\1.55.0\config_win\org.eclipse.equinox.launcher\org.eclipse.equinox.launcher.win32.win32.x86_64_1.3.100.v20260613-0559\eclipse_11924.dll
0x00007ffdf4cd0000 - 0x00007ffdf4e68000 	C:\WINDOWS\System32\ole32.dll
0x00007ffdf34e0000 - 0x00007ffdf34fb000 	C:\WINDOWS\SYSTEM32\CRYPTSP.dll
0x00007ffdf2c00000 - 0x00007ffdf2c39000 	C:\WINDOWS\system32\rsaenh.dll
0x00007ffdf32a0000 - 0x00007ffdf32d3000 	C:\WINDOWS\SYSTEM32\USERENV.dll
0x00007ffdf3de0000 - 0x00007ffdf3e0a000 	C:\WINDOWS\SYSTEM32\bcrypt.dll
0x00007ffdf34d0000 - 0x00007ffdf34dc000 	C:\WINDOWS\SYSTEM32\CRYPTBASE.dll
0x00007ffdf26b0000 - 0x00007ffdf26e3000 	C:\WINDOWS\SYSTEM32\IPHLPAPI.DLL
0x00007ffdf5da0000 - 0x00007ffdf5daa000 	C:\WINDOWS\System32\NSI.dll
0x00007ffdb5ef0000 - 0x00007ffdb5f39000 	C:\Users\HP\AppData\Local\Temp\jna-2312\jna975187986354197525.dll
0x00007ffdf6780000 - 0x00007ffdf6788000 	C:\WINDOWS\System32\PSAPI.DLL
0x00007ffde96e0000 - 0x00007ffde96fd000 	C:\WINDOWS\SYSTEM32\dhcpcsvc6.DLL
0x00007ffde7900000 - 0x00007ffde7925000 	C:\WINDOWS\SYSTEM32\dhcpcsvc.DLL
0x00007ffddf010000 - 0x00007ffddf01e000 	C:\Users\HP\.vscode\extensions\redhat.java-1.55.0-win32-x64\jre\21.0.11-win32-x86_64\bin\sunmscapi.dll
0x00007ffdf40f0000 - 0x00007ffdf4268000 	C:\WINDOWS\System32\CRYPT32.dll
0x00007ffdf36f0000 - 0x00007ffdf3720000 	C:\WINDOWS\SYSTEM32\ncrypt.dll
0x00007ffdf36a0000 - 0x00007ffdf36df000 	C:\WINDOWS\SYSTEM32\NTASN1.dll
0x00007ffdf2750000 - 0x00007ffdf289a000 	C:\WINDOWS\SYSTEM32\DNSAPI.dll
0x00007ffdf2ff0000 - 0x00007ffdf2ffd000 	C:\WINDOWS\SYSTEM32\DSPARSE.dll
0x00007ffde0370000 - 0x00007ffde037b000 	C:\Windows\System32\rasadhlp.dll
0x00007ffde9990000 - 0x00007ffde9a16000 	C:\WINDOWS\System32\fwpuclnt.dll
0x00007ffddeed0000 - 0x00007ffddeed9000 	C:\Users\HP\.vscode\extensions\redhat.java-1.55.0-win32-x64\jre\21.0.11-win32-x86_64\bin\extnet.dll

JVMTI agents:
c:\Users\HP\.vscode\extensions\redhat.java-1.55.0-win32-x64\lombok\lombok-1.18.39-4050.jar path:c:\Users\HP\.vscode\extensions\redhat.java-1.55.0-win32-x64\jre\21.0.11-win32-x86_64\bin\instrument.dll, loaded, initialized, instrumentlib options:none

dbghelp: loaded successfully - version: 4.0.5 - missing functions: none
symbol engine: initialized successfully - sym options: 0x614 - pdb path: .;c:\Users\HP\.vscode\extensions\redhat.java-1.55.0-win32-x64\jre\21.0.11-win32-x86_64\bin;C:\WINDOWS\SYSTEM32;C:\WINDOWS\WinSxS\amd64_microsoft.windows.common-controls_6595b64144ccf1df_6.0.26100.8521_none_3e08b75ce33403b3;c:\Users\HP\.vscode\extensions\redhat.java-1.55.0-win32-x64\jre\21.0.11-win32-x86_64\bin\server;C:\Users\HP\AppData\Roaming\Code\User\globalStorage\redhat.java\1.55.0\config_win\org.eclipse.equinox.launcher\org.eclipse.equinox.launcher.win32.win32.x86_64_1.3.100.v20260613-0559;C:\Users\HP\AppData\Local\Temp\jna-2312

VM Arguments:
jvm_args: --add-modules=ALL-SYSTEM --add-opens=java.base/java.util=ALL-UNNAMED --add-opens=java.base/java.lang=ALL-UNNAMED --add-opens=java.base/sun.nio.fs=ALL-UNNAMED -Declipse.application=org.eclipse.jdt.ls.core.id1 -Dosgi.bundles.defaultStartLevel=4 -Declipse.product=org.eclipse.jdt.ls.core.product -Djava.import.generatesMetadataFilesAtProjectRoot=false -DDetectVMInstallationsJob.disabled=true -Dfile.encoding=utf8 -XX:+UseParallelGC -XX:GCTimeRatio=4 -XX:AdaptiveSizePolicyWeight=90 -Dsun.zip.disableMemoryMapping=true -Xmx2G -Xms100m -Xlog:disable -javaagent:c:\Users\HP\.vscode\extensions\redhat.java-1.55.0-win32-x64\lombok\lombok-1.18.39-4050.jar -XX:+HeapDumpOnOutOfMemoryError -XX:HeapDumpPath=c:\Users\HP\AppData\Roaming\Code\User\workspaceStorage\8ccf92e95d8589778ddb3e5e482fa078\redhat.java -Daether.dependencyCollector.impl=bf 
java_command: c:\Users\HP\.vscode\extensions\redhat.java-1.55.0-win32-x64\server\plugins\org.eclipse.equinox.launcher_1.7.200.v20260619-2039.jar -configuration c:\Users\HP\AppData\Roaming\Code\User\globalStorage\redhat.java\1.55.0\config_win -data c:\Users\HP\AppData\Roaming\Code\User\workspaceStorage\8ccf92e95d8589778ddb3e5e482fa078\redhat.java\jdt_ws --pipe=\\.\pipe\lsp-2fe146377decbbfb581792b52f91e6e8-sock
java_class_path (initial): c:\Users\HP\.vscode\extensions\redhat.java-1.55.0-win32-x64\server\plugins\org.eclipse.equinox.launcher_1.7.200.v20260619-2039.jar
Launcher Type: SUN_STANDARD

[Global flags]
    uintx AdaptiveSizePolicyWeight                 = 90                                        {product} {command line}
     intx CICompilerCount                          = 4                                         {product} {ergonomic}
    uintx GCTimeRatio                              = 4                                         {product} {command line}
     bool HeapDumpOnOutOfMemoryError               = true                                   {manageable} {command line}
    ccstr HeapDumpPath                             = c:\Users\HP\AppData\Roaming\Code\User\workspaceStorage\8ccf92e95d8589778ddb3e5e482fa078\redhat.java         {manageable} {command line}
   size_t InitialHeapSize                          = 104857600                                 {product} {command line}
   size_t MaxHeapSize                              = 2147483648                                {product} {command line}
   size_t MaxNewSize                               = 715653120                                 {product} {ergonomic}
   size_t MinHeapDeltaBytes                        = 524288                                    {product} {ergonomic}
   size_t MinHeapSize                              = 104857600                                 {product} {command line}
   size_t NewSize                                  = 34603008                                  {product} {ergonomic}
    uintx NonNMethodCodeHeapSize                   = 5839372                                {pd product} {ergonomic}
    uintx NonProfiledCodeHeapSize                  = 122909434                              {pd product} {ergonomic}
   size_t OldSize                                  = 70254592                                  {product} {ergonomic}
    uintx ProfiledCodeHeapSize                     = 122909434                              {pd product} {ergonomic}
    uintx ReservedCodeCacheSize                    = 251658240                              {pd product} {ergonomic}
     bool SegmentedCodeCache                       = true                                      {product} {ergonomic}
   size_t SoftMaxHeapSize                          = 2147483648                             {manageable} {ergonomic}
     bool UseCompressedOops                        = true                           {product lp64_product} {ergonomic}
     bool UseLargePagesIndividualAllocation        = false                                  {pd product} {ergonomic}
     bool UseParallelGC                            = true                                      {product} {command line}

Logging:
Log output configuration:
 #0: stdout all=off uptime,level,tags foldmultilines=false
 #1: stderr all=off uptime,level,tags foldmultilines=false

Release file:
JAVA_VERSION="21.0.11" 
MODULES="java.base java.compiler java.datatransfer java.xml java.prefs java.desktop java.instrument java.logging java.management java.security.sasl java.naming java.rmi java.management.rmi java.net.http java.scripting java.security.jgss java.transaction.xa java.sql java.sql.rowset java.xml.crypto java.se java.smartcardio jdk.accessibility jdk.internal.jvmstat jdk.attach jdk.charsets jdk.internal.opt jdk.zipfs jdk.compiler jdk.crypto.ec jdk.crypto.cryptoki jdk.crypto.mscapi jdk.dynalink jdk.internal.ed jdk.editpad jdk.hotspot.agent jdk.httpserver jdk.internal.le jdk.internal.vm.ci jdk.internal.vm.compiler jdk.internal.vm.compiler.management jdk.jartool jdk.javadoc jdk.jcmd jdk.management jdk.management.agent jdk.jconsole jdk.jdeps jdk.jdwp.agent jdk.jdi jdk.jfr jdk.jshell jdk.jsobject jdk.jstatd jdk.localedata jdk.management.jfr jdk.naming.dns jdk.naming.rmi jdk.net jdk.nio.mapmode jdk.random jdk.sctp jdk.security.auth jdk.security.jgss jdk.unsupported jdk.unsupported.desktop jdk.xml.dom" 

Environment Variables:
PATH=C:\Python313\Scripts\;C:\Python313\;C:\Program Files\Python312\Scripts\;C:\Program Files\Python312\;F:\VMware-Workstation-pro\bin\;C:\Program Files\Common Files\Oracle\Java\javapath;C:\WINDOWS\system32;C:\WINDOWS;C:\WINDOWS\System32\Wbem;C:\WINDOWS\System32\WindowsPowerShell\v1.0\;C:\WINDOWS\System32\OpenSSH\;E:\bin;C:\MinGW\bin;C:\Program Files\Java\jdk-21\bin;C:\ProgramData\chocolatey\bin;C:\Users\HP\AppData\Local\Android\Sdk;C:\Users\HP\AppData\Local\Android\Sdk\platform-tools;C:\Users\HP\AppData\Roaming\Python\Python312\site-packages;F:\react native\nodejs;C:\Program Files\nodejs\;F:\SOFTWARES\bin;C:\Program Files\dotnet\;C:\Program Files\Git\cmd;C:\Program Files\Git\mingw64\bin;C:\Program Files\Git\usr\bin;C:\Program Files\terraform\terraform.exe;C:\Program Files\terraform\;C:\Program Files\Amazon\AWSCLIV2\;C:\Program Files\Tailscale\;;C:\Program Files\Docker\Docker\resources\bin;C:\Users\HP\.local\bin;C:\Program Files\MySQL\MySQL Shell 8.0\bin\;F:\anaconda3;F:\anaconda3\Library\mingw-w64\bin;F:\anaconda3\Library\usr\bin;F:\anaconda3\Library\bin;F:\anaconda3\Scripts;C:\Users\HP\AppData\Local\Microsoft\WindowsApps;C:\Users\HP\AppData\Local\Programs\Microsoft VS Code\bin;C:\Users\HP\AppData\Local\Android\Sdk;C:\Users\HP\AppData\Local\Android\Sdk\platform-tools;C:\Users\HP\AppData\Local\Android\Sdk\emulator;C:\Users\HP\AppData\Local\Android\Sdk\tools;C:\Users\HP\AppData\Local\Android\Sdk\tools\bin;C:\Users\HP\AppData\Roaming\npm;F:\PROJECTS\Antigravity\bin;F:\Softwares\cursor\resources\app\bin;C:\Users\HP\AppData\Local\Programs\Antigravity IDE\bin
USERNAME=HP
OS=Windows_NT
PROCESSOR_IDENTIFIER=Intel64 Family 6 Model 186 Stepping 3, GenuineIntel
TMP=C:\Users\HP\AppData\Local\Temp
TEMP=C:\Users\HP\AppData\Local\Temp




Periodic native trim disabled

---------------  S Y S T E M  ---------------

OS:
 Windows 11 , 64 bit Build 26100 (10.0.26100.8521)
OS uptime: 0 days 6:07 hours
Hyper-V role detected

CPU: total 12 (initial active 12) (6 cores per cpu, 2 threads per core) family 6 model 186 stepping 3 microcode 0x4128, cx8, cmov, fxsr, ht, mmx, 3dnowpref, sse, sse2, sse3, ssse3, sse4.1, sse4.2, popcnt, lzcnt, tsc, tscinvbit, avx, avx2, aes, erms, clmul, bmi1, bmi2, adx, sha, fma, vzeroupper, clflush, clflushopt, clwb, hv, serialize, rdtscp, rdpid, fsrm, f16c, cet_ibt, cet_ss
Processor Information for processor 0
  Max Mhz: 1700, Current Mhz: 1700, Mhz Limit: 1700
Processor Information for processor 1
  Max Mhz: 1700, Current Mhz: 1700, Mhz Limit: 1700
Processor Information for processor 2
  Max Mhz: 1700, Current Mhz: 1700, Mhz Limit: 1700
Processor Information for processor 3
  Max Mhz: 1700, Current Mhz: 1700, Mhz Limit: 1700
Processor Information for processor 4
  Max Mhz: 1700, Current Mhz: 1200, Mhz Limit: 1190
Processor Information for processor 5
  Max Mhz: 1700, Current Mhz: 1200, Mhz Limit: 1190
Processor Information for processor 6
  Max Mhz: 1700, Current Mhz: 1200, Mhz Limit: 1190
Processor Information for processor 7
  Max Mhz: 1700, Current Mhz: 1200, Mhz Limit: 1190
Processor Information for processor 8
  Max Mhz: 1700, Current Mhz: 1200, Mhz Limit: 1190
Processor Information for processor 9
  Max Mhz: 1700, Current Mhz: 1200, Mhz Limit: 1190
Processor Information for processor 10
  Max Mhz: 1700, Current Mhz: 1200, Mhz Limit: 1190
Processor Information for processor 11
  Max Mhz: 1700, Current Mhz: 1200, Mhz Limit: 1190

Memory: 4k page, system-wide physical 16095M (1097M free)
TotalPageFile size 21215M (AvailPageFile size 5M)
current process WorkingSet (physical memory assigned to process): 317M, peak: 386M
current process commit charge ("private bytes"): 395M, peak: 467M

vm_info: OpenJDK 64-Bit Server VM (21.0.11+10-LTS) for windows-amd64 JRE (21.0.11+10-LTS), built on 2026-04-21T00:00:00Z by "admin" with MS VC++ 17.12 (VS2022)

END.
